2026-06-29 02:12:40.914 +00:00 [INF] HTTP POST /api/auth/admin/login responded 200 in 2805.9059 ms
2026-06-29 02:13:05.308 +00:00 [INF] HTTP POST /api/auth/customer/login responded 401 in 363.7776 ms
2026-06-29 02:13:11.974 +00:00 [INF] HTTP POST /api/auth/customer/login responded 401 in 38.6598 ms
2026-06-29 02:13:18.959 +00:00 [INF] HTTP POST /api/auth/admin/login responded 200 in 482.6899 ms
2026-06-29 02:14:00.917 +00:00 [INF] HTTP POST /api/auth/admin/login responded 200 in 248.3638 ms
2026-06-29 02:14:48.437 +00:00 [ERR] Unhandled exception: Un compte avec cet email existe déjà.
System.InvalidOperationException: Un compte avec cet email existe déjà.
   at NunyFoodWebApi.Application.Services.CustomerService.CreateAsync(CreateCustomerDto dto, CancellationToken ct) in C:\Users\koudo\source\repos\NunyFoodWebApi\NunyFoodWebApi.Application\Services\CustomerService.cs:line 29
   at NunyFoodWebApi.Controllers.CustomersController.Create(CreateCustomerDto dto, CancellationToken ct) in C:\Users\koudo\source\repos\NunyFoodWebApi\NunyFoodWebApi\Controllers\CustomersController.cs:line 41
   at Microsoft.AspNetCore.Mvc.Infrastructure.ActionMethodExecutor.TaskOfIActionResultExecutor.Execute(ActionContext actionContext, IActionResultTypeMapper mapper, ObjectMethodExecutor executor, Object controller, Object[] arguments)
   at Microsoft.AspNetCore.Mvc.Infrastructure.ControllerActionInvoker.<InvokeActionMethodAsync>g__Awaited|12_0(ControllerActionInvoker invoker, ValueTask`1 actionResultValueTask)
   at Microsoft.AspNetCore.Mvc.Infrastructure.ControllerActionInvoker.<InvokeNextActionFilterAsync>g__Awaited|10_0(ControllerActionInvoker invoker, Task lastTask, State next, Scope scope, Object state, Boolean isCompleted)
   at Microsoft.AspNetCore.Mvc.Infrastructure.ControllerActionInvoker.Rethrow(ActionExecutedContextSealed context)
   at Microsoft.AspNetCore.Mvc.Infrastructure.ControllerActionInvoker.Next(State& next, Scope& scope, Object& state, Boolean& isCompleted)
   at Microsoft.AspNetCore.Mvc.Infrastructure.ControllerActionInvoker.<InvokeInnerFilterAsync>g__Awaited|13_0(ControllerActionInvoker invoker, Task lastTask, State next, Scope scope, Object state, Boolean isCompleted)
   at Microsoft.AspNetCore.Mvc.Infrastructure.ResourceInvoker.<InvokeFilterPipelineAsync>g__Awaited|20_0(ResourceInvoker invoker, Task lastTask, State next, Scope scope, Object state, Boolean isCompleted)
   at Microsoft.AspNetCore.Mvc.Infrastructure.ResourceInvoker.<InvokeAsync>g__Awaited|17_0(ResourceInvoker invoker, Task task, IDisposable scope)
   at Microsoft.AspNetCore.Mvc.Infrastructure.ResourceInvoker.<InvokeAsync>g__Awaited|17_0(ResourceInvoker invoker, Task task, IDisposable scope)
   at Microsoft.AspNetCore.Authorization.AuthorizationMiddleware.Invoke(HttpContext context)
   at Microsoft.AspNetCore.Authentication.AuthenticationMiddleware.Invoke(HttpContext context)
   at Microsoft.AspNetCore.Diagnostics.ExceptionHandlerMiddlewareImpl.<Invoke>g__Awaited|10_0(ExceptionHandlerMiddlewareImpl middleware, HttpContext context, Task task)
2026-06-29 02:14:48.512 +00:00 [INF] HTTP POST /api/customers responded 400 in 235.0145 ms
2026-06-29 02:16:16.072 +00:00 [INF] HTTP POST /api/customers responded 201 in 676.6655 ms
2026-06-29 02:16:16.349 +00:00 [INF] HTTP POST /api/auth/customer/login responded 200 in 239.1833 ms
2026-06-29 02:16:22.263 +00:00 [INF] HTTP POST /api/auth/customer/login responded 200 in 249.1818 ms
2026-06-29 02:16:33.140 +00:00 [INF] HTTP POST /api/auth/customer/login responded 200 in 269.0438 ms
2026-06-29 02:16:45.390 +00:00 [INF] HTTP POST /api/auth/customer/login responded 200 in 266.8793 ms
2026-06-29 02:22:56.663 +00:00 [INF] HTTP POST /api/auth/customer/login responded 200 in 771.0061 ms
2026-06-29 02:22:58.759 +00:00 [INF] HTTP POST /api/auth/customer/login responded 200 in 258.8308 ms
2026-06-29 02:23:08.368 +00:00 [INF] HTTP POST /api/auth/admin/login responded 200 in 253.1049 ms
2026-06-29 02:23:09.621 +00:00 [INF] HTTP POST /api/auth/customer/login responded 401 in 14.4593 ms
2026-06-29 02:23:18.829 +00:00 [INF] HTTP POST /api/auth/admin/login responded 200 in 279.0356 ms
2026-06-29 02:25:46.906 +00:00 [INF] HTTP POST /api/auth/admin/login responded 200 in 307.4689 ms
2026-06-29 02:26:12.471 +00:00 [INF] HTTP POST /api/auth/customer/login responded 401 in 10.4787 ms
2026-06-29 02:26:20.558 +00:00 [INF] HTTP POST /api/auth/admin/login responded 200 in 273.5462 ms
2026-06-29 02:27:09.041 +00:00 [INF] HTTP POST /api/auth/admin/login responded 200 in 247.6037 ms
2026-06-29 02:27:10.283 +00:00 [INF] HTTP POST /api/auth/customer/login responded 401 in 9.0513 ms
2026-06-29 02:27:17.211 +00:00 [INF] HTTP POST /api/auth/admin/login responded 200 in 250.8136 ms
2026-06-29 02:28:03.537 +00:00 [INF] HTTP POST /api/auth/admin/login responded 200 in 381.9368 ms
2026-06-29 02:31:22.889 +00:00 [INF] HTTP POST /api/auth/admin/login responded 401 in 313.7290 ms
2026-06-29 02:31:42.237 +00:00 [INF] HTTP POST /api/auth/admin/login responded 401 in 278.5308 ms
2026-06-29 02:33:17.065 +00:00 [INF] HTTP POST /api/customers responded 201 in 618.4120 ms
2026-06-29 02:33:17.326 +00:00 [INF] HTTP POST /api/auth/customer/login responded 200 in 231.8619 ms
2026-06-29 02:33:53.059 +00:00 [INF] HTTP POST /api/auth/customer/login responded 200 in 237.7352 ms
2026-06-29 02:34:30.182 +00:00 [INF] HTTP POST /api/auth/customer/login responded 200 in 267.5960 ms
2026-06-29 02:35:04.172 +00:00 [INF] HTTP POST /api/auth/customer/login responded 200 in 270.9254 ms
2026-06-29 02:37:41.517 +00:00 [INF] HTTP POST /api/auth/customer/login responded 200 in 274.8615 ms
2026-06-29 02:38:29.694 +00:00 [INF] HTTP POST /api/auth/customer/login responded 200 in 353.0355 ms
2026-06-29 02:40:11.080 +00:00 [INF] HTTP POST /api/auth/customer/login responded 200 in 280.9637 ms
2026-06-29 02:43:27.235 +00:00 [INF] HTTP POST /api/auth/customer/login responded 200 in 1950.7967 ms
2026-06-29 02:43:57.077 +00:00 [INF] HTTP POST /api/auth/customer/login responded 200 in 925.7491 ms
