2026-06-30 18:23:06.166 +00:00 [INF] HTTP GET / responded 307 in 12.2502 ms
2026-06-30 18:23:07.794 +00:00 [INF] HTTP GET / responded 404 in 217.6722 ms
2026-06-30 18:26:12.597 +00:00 [INF] HTTP POST /api/Customers responded 201 in 2943.4758 ms
2026-06-30 19:04:15.018 +00:00 [ERR] Hosting failed to start
System.IO.IOException: Failed to bind to address https://127.0.0.1:7000: address already in use.
 ---> Microsoft.AspNetCore.Connections.AddressInUseException: Une seule utilisation de chaque adresse de socket (protocole/adresse réseau/port) est habituellement autorisée.
 ---> System.Net.Sockets.SocketException (10048): Une seule utilisation de chaque adresse de socket (protocole/adresse réseau/port) est habituellement autorisée.
   at System.Net.Sockets.Socket.UpdateStatusAfterSocketErrorAndThrowException(SocketError error, Boolean disconnectOnFailure, String callerName)
   at System.Net.Sockets.Socket.DoBind(EndPoint endPointSnapshot, SocketAddress socketAddress)
   at System.Net.Sockets.Socket.Bind(EndPoint localEP)
   at Microsoft.AspNetCore.Server.Kestrel.Transport.Sockets.SocketTransportOptions.CreateDefaultBoundListenSocket(EndPoint endpoint)
   at Microsoft.AspNetCore.Server.Kestrel.Transport.Sockets.SocketConnectionListener.Bind()
   --- End of inner exception stack trace ---
   at Microsoft.AspNetCore.Server.Kestrel.Transport.Sockets.SocketConnectionListener.Bind()
   at Microsoft.AspNetCore.Server.Kestrel.Transport.Sockets.SocketTransportFactory.BindAsync(EndPoint endpoint, CancellationToken cancellationToken)
   at Microsoft.AspNetCore.Server.Kestrel.Core.Internal.Infrastructure.TransportManager.BindAsync(EndPoint endPoint, ConnectionDelegate connectionDelegate, EndpointConfig endpointConfig, CancellationToken cancellationToken)
   at Microsoft.AspNetCore.Server.Kestrel.Core.KestrelServerImpl.<>c__DisplayClass28_0`1.<<StartAsync>g__OnBind|0>d.MoveNext()
--- End of stack trace from previous location ---
   at Microsoft.AspNetCore.Server.Kestrel.Core.Internal.AddressBinder.BindEndpointAsync(ListenOptions endpoint, AddressBindContext context, CancellationToken cancellationToken)
   --- End of inner exception stack trace ---
   at Microsoft.AspNetCore.Server.Kestrel.Core.Internal.AddressBinder.BindEndpointAsync(ListenOptions endpoint, AddressBindContext context, CancellationToken cancellationToken)
   at Microsoft.AspNetCore.Server.Kestrel.Core.LocalhostListenOptions.BindAsync(AddressBindContext context, CancellationToken cancellationToken)
   at Microsoft.AspNetCore.Server.Kestrel.Core.Internal.AddressBinder.AddressesStrategy.BindAsync(AddressBindContext context, CancellationToken cancellationToken)
   at Microsoft.AspNetCore.Server.Kestrel.Core.KestrelServerImpl.BindAsync(CancellationToken cancellationToken)
   at Microsoft.AspNetCore.Server.Kestrel.Core.KestrelServerImpl.StartAsync[TContext](IHttpApplication`1 application, CancellationToken cancellationToken)
   at Microsoft.AspNetCore.Hosting.GenericWebHostService.StartAsync(CancellationToken cancellationToken)
   at Microsoft.Extensions.Hosting.Internal.Host.<StartAsync>b__14_1(IHostedService service, CancellationToken token)
   at Microsoft.Extensions.Hosting.Internal.Host.ForeachService[T](IEnumerable`1 services, CancellationToken token, Boolean concurrent, Boolean abortOnFirstException, List`1 exceptions, Func`3 operation)
2026-06-30 19:04:15.123 +00:00 [FTL] Application terminated unexpectedly
System.IO.IOException: Failed to bind to address https://127.0.0.1:7000: address already in use.
 ---> Microsoft.AspNetCore.Connections.AddressInUseException: Une seule utilisation de chaque adresse de socket (protocole/adresse réseau/port) est habituellement autorisée.
 ---> System.Net.Sockets.SocketException (10048): Une seule utilisation de chaque adresse de socket (protocole/adresse réseau/port) est habituellement autorisée.
   at System.Net.Sockets.Socket.UpdateStatusAfterSocketErrorAndThrowException(SocketError error, Boolean disconnectOnFailure, String callerName)
   at System.Net.Sockets.Socket.DoBind(EndPoint endPointSnapshot, SocketAddress socketAddress)
   at System.Net.Sockets.Socket.Bind(EndPoint localEP)
   at Microsoft.AspNetCore.Server.Kestrel.Transport.Sockets.SocketTransportOptions.CreateDefaultBoundListenSocket(EndPoint endpoint)
   at Microsoft.AspNetCore.Server.Kestrel.Transport.Sockets.SocketConnectionListener.Bind()
   --- End of inner exception stack trace ---
   at Microsoft.AspNetCore.Server.Kestrel.Transport.Sockets.SocketConnectionListener.Bind()
   at Microsoft.AspNetCore.Server.Kestrel.Transport.Sockets.SocketTransportFactory.BindAsync(EndPoint endpoint, CancellationToken cancellationToken)
   at Microsoft.AspNetCore.Server.Kestrel.Core.Internal.Infrastructure.TransportManager.BindAsync(EndPoint endPoint, ConnectionDelegate connectionDelegate, EndpointConfig endpointConfig, CancellationToken cancellationToken)
   at Microsoft.AspNetCore.Server.Kestrel.Core.KestrelServerImpl.<>c__DisplayClass28_0`1.<<StartAsync>g__OnBind|0>d.MoveNext()
--- End of stack trace from previous location ---
   at Microsoft.AspNetCore.Server.Kestrel.Core.Internal.AddressBinder.BindEndpointAsync(ListenOptions endpoint, AddressBindContext context, CancellationToken cancellationToken)
   --- End of inner exception stack trace ---
   at Microsoft.AspNetCore.Server.Kestrel.Core.Internal.AddressBinder.BindEndpointAsync(ListenOptions endpoint, AddressBindContext context, CancellationToken cancellationToken)
   at Microsoft.AspNetCore.Server.Kestrel.Core.LocalhostListenOptions.BindAsync(AddressBindContext context, CancellationToken cancellationToken)
   at Microsoft.AspNetCore.Server.Kestrel.Core.Internal.AddressBinder.AddressesStrategy.BindAsync(AddressBindContext context, CancellationToken cancellationToken)
   at Microsoft.AspNetCore.Server.Kestrel.Core.KestrelServerImpl.BindAsync(CancellationToken cancellationToken)
   at Microsoft.AspNetCore.Server.Kestrel.Core.KestrelServerImpl.StartAsync[TContext](IHttpApplication`1 application, CancellationToken cancellationToken)
   at Microsoft.AspNetCore.Hosting.GenericWebHostService.StartAsync(CancellationToken cancellationToken)
   at Microsoft.Extensions.Hosting.Internal.Host.<StartAsync>b__14_1(IHostedService service, CancellationToken token)
   at Microsoft.Extensions.Hosting.Internal.Host.ForeachService[T](IEnumerable`1 services, CancellationToken token, Boolean concurrent, Boolean abortOnFirstException, List`1 exceptions, Func`3 operation)
   at Microsoft.Extensions.Hosting.Internal.Host.StartAsync(CancellationToken cancellationToken)
   at Microsoft.Extensions.Hosting.HostingAbstractionsHostExtensions.RunAsync(IHost host, CancellationToken token)
   at Microsoft.Extensions.Hosting.HostingAbstractionsHostExtensions.RunAsync(IHost host, CancellationToken token)
   at Microsoft.Extensions.Hosting.HostingAbstractionsHostExtensions.Run(IHost host)
   at Program.<Main>$(String[] args) in C:\Users\koudo\source\repos\NunyFoodWebApi\NunyFoodWebApi\Program.cs:line 105
2026-06-30 19:23:13.321 +00:00 [INF] HTTP POST /api/auth/customer/login responded 401 in 1341.5624 ms
2026-06-30 19:23:17.828 +00:00 [INF] HTTP POST /api/auth/customer/login responded 401 in 126.0646 ms
2026-06-30 19:23:19.957 +00:00 [INF] HTTP POST /api/auth/customer/login responded 401 in 26.5098 ms
2026-06-30 19:24:03.074 +00:00 [INF] HTTP POST /api/auth/customer/login responded 200 in 859.8424 ms
2026-06-30 19:24:03.344 +00:00 [INF] HTTP GET /api/orders responded 403 in 84.3418 ms
2026-06-30 19:24:04.384 +00:00 [INF] HTTP GET /api/orders responded 403 in 3.7739 ms
2026-06-30 19:24:28.902 +00:00 [INF] HTTP GET /api/packs responded 200 in 164.8423 ms
2026-06-30 19:24:33.087 +00:00 [INF] HTTP GET /api/beneficiaries responded 403 in 0.4357 ms
2026-06-30 19:24:33.092 +00:00 [INF] HTTP GET /api/packproducts responded 404 in 2.2830 ms
2026-06-30 19:24:33.200 +00:00 [INF] HTTP GET /api/packs/b4dcab1f-b0e9-4d41-a9e2-97970a54ecfc responded 200 in 114.0598 ms
2026-06-30 19:24:34.116 +00:00 [INF] HTTP GET /api/beneficiaries responded 403 in 0.4391 ms
2026-06-30 19:24:34.117 +00:00 [INF] HTTP GET /api/packproducts responded 404 in 0.3334 ms
2026-06-30 19:24:44.451 +00:00 [INF] HTTP GET /api/beneficiaries responded 403 in 0.4662 ms
2026-06-30 19:24:45.470 +00:00 [INF] HTTP GET /api/beneficiaries responded 403 in 0.2882 ms
2026-06-30 19:24:58.237 +00:00 [INF] HTTP GET /api/orders responded 403 in 0.3644 ms
2026-06-30 19:24:59.272 +00:00 [INF] HTTP GET /api/orders responded 403 in 0.3039 ms
2026-06-30 19:25:01.928 +00:00 [INF] HTTP GET /api/packs responded 200 in 14.5528 ms
2026-06-30 19:25:04.209 +00:00 [INF] HTTP GET /api/orders responded 403 in 0.2998 ms
2026-06-30 19:25:05.285 +00:00 [INF] HTTP GET /api/orders responded 403 in 0.5302 ms
2026-06-30 19:25:10.192 +00:00 [INF] HTTP GET /api/customers/019f19c8-192e-7702-9a00-c2642045da13 responded 403 in 0.4226 ms
2026-06-30 19:25:11.214 +00:00 [INF] HTTP GET /api/customers/019f19c8-192e-7702-9a00-c2642045da13 responded 403 in 0.4081 ms
2026-06-30 19:26:32.296 +00:00 [INF] HTTP POST /api/auth/admin/login responded 200 in 225.0870 ms
2026-06-30 19:26:32.371 +00:00 [INF] HTTP GET /api/orders responded 403 in 0.2962 ms
2026-06-30 19:26:32.372 +00:00 [INF] HTTP GET /api/deliveryagents responded 403 in 0.4433 ms
2026-06-30 19:26:32.373 +00:00 [INF] HTTP GET /api/customers responded 403 in 0.3506 ms
2026-06-30 19:26:32.379 +00:00 [INF] HTTP GET /api/packs responded 200 in 3.2027 ms
2026-06-30 19:26:33.407 +00:00 [INF] HTTP GET /api/deliveryagents responded 403 in 0.5488 ms
2026-06-30 19:26:33.408 +00:00 [INF] HTTP GET /api/customers responded 403 in 0.2477 ms
2026-06-30 19:26:33.408 +00:00 [INF] HTTP GET /api/orders responded 403 in 0.2447 ms
2026-06-30 19:26:36.624 +00:00 [INF] HTTP GET /api/deliveryagents responded 403 in 0.5222 ms
2026-06-30 19:26:37.650 +00:00 [INF] HTTP GET /api/deliveryagents responded 403 in 0.4124 ms
2026-06-30 19:26:41.486 +00:00 [INF] HTTP GET /api/customers responded 403 in 1.7318 ms
2026-06-30 19:26:41.492 +00:00 [INF] HTTP GET /api/orders responded 403 in 1.5647 ms
2026-06-30 19:26:41.497 +00:00 [INF] HTTP GET /api/deliveryagents responded 403 in 1.2982 ms
2026-06-30 19:26:42.541 +00:00 [INF] HTTP GET /api/customers responded 403 in 0.7337 ms
2026-06-30 19:26:42.542 +00:00 [INF] HTTP GET /api/orders responded 403 in 0.4817 ms
2026-06-30 19:26:42.554 +00:00 [INF] HTTP GET /api/deliveryagents responded 403 in 0.3612 ms
2026-06-30 19:26:44.333 +00:00 [INF] HTTP GET /api/orders responded 403 in 0.3949 ms
2026-06-30 19:26:45.367 +00:00 [INF] HTTP GET /api/orders responded 403 in 0.5036 ms
2026-06-30 19:26:45.466 +00:00 [INF] HTTP GET /api/orders responded 403 in 0.3633 ms
2026-06-30 19:26:46.501 +00:00 [INF] HTTP GET /api/orders responded 403 in 1.3266 ms
2026-06-30 19:27:33.553 +00:00 [INF] HTTP GET /api/customers responded 403 in 0.3649 ms
2026-06-30 19:27:33.555 +00:00 [INF] HTTP GET /api/orders responded 403 in 0.2654 ms
2026-06-30 19:27:33.560 +00:00 [INF] HTTP GET /api/packs responded 200 in 3.4992 ms
2026-06-30 19:27:33.569 +00:00 [INF] HTTP GET /api/deliveryagents responded 403 in 0.2941 ms
2026-06-30 19:27:34.585 +00:00 [INF] HTTP GET /api/customers responded 403 in 0.3056 ms
2026-06-30 19:27:34.586 +00:00 [INF] HTTP GET /api/orders responded 403 in 0.3301 ms
2026-06-30 19:27:34.601 +00:00 [INF] HTTP GET /api/deliveryagents responded 403 in 0.2754 ms
2026-06-30 19:27:34.855 +00:00 [INF] HTTP GET /api/customers responded 403 in 0.2419 ms
2026-06-30 19:27:35.869 +00:00 [INF] HTTP GET /api/customers responded 403 in 0.2502 ms
2026-06-30 19:27:36.506 +00:00 [INF] HTTP GET /api/products responded 200 in 39.4590 ms
2026-06-30 19:27:42.700 +00:00 [INF] HTTP GET /api/packs responded 200 in 7.7588 ms
2026-06-30 19:31:43.556 +00:00 [INF] HTTP GET /api/packs responded 200 in 135.9390 ms
2026-06-30 19:36:11.174 +00:00 [INF] HTTP GET /api/packs responded 200 in 30.7863 ms
2026-06-30 19:36:17.302 +00:00 [INF] HTTP GET /api/orders responded 403 in 0.8587 ms
2026-06-30 19:36:18.344 +00:00 [INF] HTTP GET /api/orders responded 403 in 0.2669 ms
2026-06-30 19:36:19.709 +00:00 [INF] HTTP GET /api/orders responded 403 in 0.4034 ms
2026-06-30 19:36:20.743 +00:00 [INF] HTTP GET /api/orders responded 403 in 0.2371 ms
2026-06-30 19:36:22.349 +00:00 [INF] HTTP GET /api/deliveryagents responded 403 in 0.2492 ms
2026-06-30 19:36:23.392 +00:00 [INF] HTTP GET /api/deliveryagents responded 403 in 0.2684 ms
2026-06-30 19:36:24.453 +00:00 [INF] HTTP GET /api/orders responded 403 in 0.2230 ms
2026-06-30 19:36:24.482 +00:00 [INF] HTTP GET /api/deliveryagents responded 403 in 0.2334 ms
2026-06-30 19:36:25.503 +00:00 [INF] HTTP GET /api/orders responded 403 in 0.2885 ms
2026-06-30 19:36:25.519 +00:00 [INF] HTTP GET /api/deliveryagents responded 403 in 0.2805 ms
2026-06-30 19:36:55.980 +00:00 [INF] HTTP POST /api/auth/customer/login responded 200 in 423.9472 ms
2026-06-30 19:36:56.059 +00:00 [INF] HTTP GET /api/orders responded 403 in 0.2386 ms
2026-06-30 19:36:57.084 +00:00 [INF] HTTP GET /api/orders responded 403 in 0.1959 ms
2026-06-30 19:37:23.361 +00:00 [INF] HTTP GET /api/orders responded 403 in 0.5265 ms
2026-06-30 19:37:24.751 +00:00 [INF] HTTP GET /api/orders responded 403 in 367.0144 ms
2026-06-30 19:37:28.479 +00:00 [INF] HTTP GET /api/orders responded 403 in 0.3948 ms
2026-06-30 19:37:29.501 +00:00 [INF] HTTP GET /api/orders responded 403 in 0.5479 ms
2026-06-30 19:38:22.602 +00:00 [INF] HTTP GET /api/orders responded 403 in 0.1476 ms
2026-06-30 19:38:23.618 +00:00 [INF] HTTP GET /api/orders responded 403 in 0.1874 ms
2026-06-30 19:38:26.157 +00:00 [INF] HTTP GET /api/orders responded 403 in 0.1246 ms
2026-06-30 19:38:27.178 +00:00 [INF] HTTP GET /api/orders responded 403 in 0.1277 ms
2026-06-30 19:38:28.999 +00:00 [INF] HTTP GET /api/packs responded 200 in 8.2305 ms
2026-06-30 19:38:31.478 +00:00 [INF] HTTP GET /api/beneficiaries responded 403 in 0.0947 ms
2026-06-30 19:38:31.478 +00:00 [INF] HTTP GET /api/packproducts responded 404 in 0.6759 ms
2026-06-30 19:38:31.507 +00:00 [INF] HTTP GET /api/packs/b4dcab1f-b0e9-4d41-a9e2-97970a54ecfc responded 200 in 29.5835 ms
2026-06-30 19:38:32.500 +00:00 [INF] HTTP GET /api/packproducts responded 404 in 0.0981 ms
2026-06-30 19:38:32.501 +00:00 [INF] HTTP GET /api/beneficiaries responded 403 in 0.1250 ms
2026-06-30 19:38:40.414 +00:00 [INF] HTTP GET /api/beneficiaries responded 403 in 0.1617 ms
2026-06-30 19:38:41.476 +00:00 [INF] HTTP GET /api/beneficiaries responded 403 in 0.1334 ms
2026-06-30 19:39:03.756 +00:00 [INF] HTTP POST /api/beneficiaries responded 403 in 5.6670 ms
2026-06-30 19:39:08.906 +00:00 [INF] HTTP POST /api/beneficiaries responded 403 in 0.2837 ms
2026-06-30 19:39:10.097 +00:00 [INF] HTTP POST /api/beneficiaries responded 403 in 0.2161 ms
2026-06-30 19:39:10.326 +00:00 [INF] HTTP POST /api/beneficiaries responded 403 in 0.7598 ms
2026-06-30 19:39:10.539 +00:00 [INF] HTTP POST /api/beneficiaries responded 403 in 0.2701 ms
2026-06-30 19:39:10.783 +00:00 [INF] HTTP POST /api/beneficiaries responded 403 in 0.2631 ms
2026-06-30 19:39:10.988 +00:00 [INF] HTTP POST /api/beneficiaries responded 403 in 0.1515 ms
2026-06-30 19:39:11.223 +00:00 [INF] HTTP POST /api/beneficiaries responded 403 in 0.1728 ms
2026-06-30 19:45:35.092 +00:00 [INF] HTTP GET /api/customers/019f19c8-192e-7702-9a00-c2642045da13 responded 403 in 0.2414 ms
2026-06-30 19:45:36.111 +00:00 [INF] HTTP GET /api/customers/019f19c8-192e-7702-9a00-c2642045da13 responded 403 in 0.2323 ms
2026-06-30 19:49:11.098 +00:00 [INF] HTTP GET /api/customers/019f19c8-192e-7702-9a00-c2642045da13 responded 403 in 6.0140 ms
2026-06-30 20:08:16.849 +00:00 [INF] HTTP GET /api/customers/019f19c8-192e-7702-9a00-c2642045da13 responded 403 in 8.7544 ms
2026-06-30 20:09:51.682 +00:00 [INF] HTTP GET /api/customers/019f19c8-192e-7702-9a00-c2642045da13 responded 403 in 0.2696 ms
2026-06-30 20:09:54.158 +00:00 [INF] HTTP GET /api/customers/019f19c8-192e-7702-9a00-c2642045da13 responded 403 in 1.2831 ms
2026-06-30 20:09:55.272 +00:00 [INF] HTTP GET /api/customers/019f19c8-192e-7702-9a00-c2642045da13 responded 403 in 55.0965 ms
2026-06-30 20:10:22.906 +00:00 [INF] HTTP GET /api/orders responded 403 in 0.2229 ms
2026-06-30 20:10:23.936 +00:00 [INF] HTTP GET /api/orders responded 403 in 0.1525 ms
2026-06-30 20:49:40.889 +00:00 [INF] HTTP GET /api/orders responded 401 in 277.9365 ms
2026-06-30 20:49:40.894 +00:00 [INF] HTTP GET /api/orders responded 401 in 1252.6118 ms
2026-06-30 20:52:37.541 +00:00 [INF] HTTP POST /api/auth/customer/login responded 200 in 524.4053 ms
2026-06-30 20:52:37.606 +00:00 [INF] HTTP GET /api/orders responded 403 in 0.2866 ms
2026-06-30 20:52:38.634 +00:00 [INF] HTTP GET /api/orders responded 403 in 0.2072 ms
