2026-06-16 10:46:11.592 +00:00 [INF] HTTP GET / responded 307 in 87.5748 ms
2026-06-16 10:46:16.305 +00:00 [INF] HTTP GET / responded 307 in 0.2742 ms
2026-06-16 10:46:20.457 +00:00 [INF] HTTP GET / responded 404 in 1005.5622 ms
2026-06-16 10:47:41.890 +00:00 [INF] HTTP GET /scalar responded 302 in 94.4406 ms
2026-06-16 10:47:42.625 +00:00 [INF] HTTP GET /scalar/ responded 200 in 685.6670 ms
2026-06-16 10:47:42.914 +00:00 [INF] HTTP GET /scalar/scalar.aspnetcore.js responded 200 in 95.4468 ms
2026-06-16 10:47:45.473 +00:00 [INF] HTTP GET /scalar/scalar.js responded 200 in 2690.3009 ms
2026-06-16 10:47:46.934 +00:00 [INF] HTTP GET /openapi/v1.json responded 200 in 761.0601 ms
2026-06-16 10:48:42.290 +00:00 [INF] HTTP POST /api/Beneficiaries responded 401 in 96.9650 ms
2026-06-16 12:34:40.212 +00:00 [INF] HTTP GET /scalar/v1 responded 200 in 416.5428 ms
2026-06-16 12:38:55.361 +00:00 [INF] HTTP HEAD /scalar/v1 responded 405 in 89.2422 ms
2026-06-16 12:39:34.890 +00:00 [INF] HTTP POST /api/auth/customer/login responded 401 in 4270.4591 ms
2026-06-16 12:42:22.701 +00:00 [INF] HTTP POST /api/auth/admin/register responded 401 in 31.7516 ms
2026-06-16 12:42:30.525 +00:00 [INF] HTTP POST /api/auth/admin/register responded 401 in 4.4577 ms
2026-06-16 14:37:10.758 +00:00 [INF] Seeded default admin: admin@nunyfood.com / Admin@1234
2026-06-16 14:37:45.768 +00:00 [INF] HTTP POST /api/auth/admin/login responded 200 in 1622.5702 ms
2026-06-16 14:38:01.936 +00:00 [INF] HTTP POST /api/auth/admin/login responded 200 in 335.1827 ms
2026-06-16 14:38:21.082 +00:00 [INF] HTTP POST /api/auth/admin/login responded 200 in 281.6122 ms
2026-06-16 14:38:47.000 +00:00 [INF] HTTP POST /api/customers responded 400 in 149.9611 ms
2026-06-16 14:40:14.634 +00:00 [INF] HTTP POST /api/customers responded 201 in 473.7042 ms
2026-06-16 14:40:27.701 +00:00 [INF] HTTP POST /api/auth/customer/login responded 200 in 276.9794 ms
2026-06-16 14:41:29.275 +00:00 [INF] HTTP OPTIONS /api/customers responded 204 in 3.6546 ms
2026-06-16 14:41:29.561 +00:00 [INF] HTTP POST /api/customers responded 201 in 258.7337 ms
2026-06-16 14:41:36.039 +00:00 [INF] HTTP OPTIONS /api/auth/customer/login responded 204 in 0.2436 ms
2026-06-16 14:41:36.369 +00:00 [INF] HTTP POST /api/auth/customer/login responded 200 in 312.1115 ms
2026-06-16 14:41:36.641 +00:00 [INF] HTTP OPTIONS /api/orders responded 204 in 0.2485 ms
2026-06-16 14:41:37.001 +00:00 [INF] HTTP GET /api/orders responded 200 in 327.8764 ms
2026-06-16 14:41:49.015 +00:00 [INF] HTTP OPTIONS /api/packs responded 204 in 0.2430 ms
2026-06-16 14:41:49.186 +00:00 [INF] HTTP GET /api/packs responded 200 in 156.3254 ms
2026-06-16 14:42:02.163 +00:00 [INF] HTTP OPTIONS /api/beneficiaries responded 204 in 0.2488 ms
2026-06-16 14:42:02.540 +00:00 [INF] HTTP GET /api/beneficiaries responded 200 in 301.7092 ms
2026-06-16 14:42:11.209 +00:00 [INF] HTTP OPTIONS /api/orders responded 204 in 0.2021 ms
2026-06-16 14:42:11.415 +00:00 [INF] HTTP GET /api/orders responded 200 in 189.3569 ms
2026-06-16 14:42:37.502 +00:00 [INF] HTTP OPTIONS /api/packs responded 204 in 0.3490 ms
2026-06-16 14:42:37.531 +00:00 [INF] HTTP GET /api/packs responded 200 in 17.0541 ms
2026-06-16 14:44:40.209 +00:00 [INF] HTTP OPTIONS /api/auth/admin/login responded 204 in 0.2705 ms
2026-06-16 14:44:40.454 +00:00 [INF] HTTP POST /api/auth/admin/login responded 200 in 233.5839 ms
2026-06-16 14:44:40.656 +00:00 [INF] HTTP OPTIONS /api/orders responded 204 in 0.7325 ms
2026-06-16 14:44:40.657 +00:00 [INF] HTTP OPTIONS /api/products responded 204 in 0.1545 ms
2026-06-16 14:44:40.657 +00:00 [INF] HTTP OPTIONS /api/customers responded 204 in 0.1185 ms
2026-06-16 14:44:40.722 +00:00 [INF] HTTP GET /api/orders responded 200 in 47.7624 ms
2026-06-16 14:44:40.752 +00:00 [INF] HTTP GET /api/customers responded 200 in 76.6914 ms
2026-06-16 14:44:40.776 +00:00 [INF] HTTP GET /api/products responded 200 in 101.8429 ms
2026-06-16 14:44:52.113 +00:00 [INF] HTTP OPTIONS /api/packs responded 204 in 0.6558 ms
2026-06-16 14:44:52.152 +00:00 [INF] HTTP GET /api/packs responded 200 in 28.8816 ms
2026-06-16 14:44:55.016 +00:00 [INF] HTTP OPTIONS /api/orders responded 204 in 1.0572 ms
2026-06-16 14:44:55.048 +00:00 [INF] HTTP GET /api/orders responded 200 in 4.8798 ms
2026-06-16 14:45:05.730 +00:00 [INF] HTTP OPTIONS /api/delivery-agents responded 204 in 0.3790 ms
2026-06-16 14:45:05.757 +00:00 [INF] HTTP GET /api/delivery-agents responded 404 in 1.3898 ms
2026-06-16 14:45:06.788 +00:00 [INF] HTTP GET /api/delivery-agents responded 404 in 0.8127 ms
2026-06-16 14:45:09.848 +00:00 [INF] HTTP GET /api/delivery-agents responded 404 in 7.8406 ms
2026-06-16 14:45:10.897 +00:00 [INF] HTTP OPTIONS /api/delivery-agents responded 204 in 0.1615 ms
2026-06-16 14:45:10.907 +00:00 [INF] HTTP GET /api/delivery-agents responded 404 in 0.4989 ms
2026-06-16 14:45:12.369 +00:00 [INF] HTTP OPTIONS /api/orders responded 204 in 0.1702 ms
2026-06-16 14:45:12.374 +00:00 [INF] HTTP OPTIONS /api/products responded 204 in 4.1736 ms
2026-06-16 14:45:12.376 +00:00 [INF] HTTP OPTIONS /api/customers responded 204 in 1.8114 ms
2026-06-16 14:45:12.413 +00:00 [INF] HTTP GET /api/orders responded 200 in 15.7858 ms
2026-06-16 14:45:12.428 +00:00 [INF] HTTP GET /api/products responded 200 in 20.1754 ms
2026-06-16 14:45:12.544 +00:00 [INF] HTTP GET /api/customers responded 200 in 136.7830 ms
2026-06-16 14:45:34.748 +00:00 [INF] HTTP OPTIONS /api/packs responded 204 in 0.1351 ms
2026-06-16 14:45:34.772 +00:00 [INF] HTTP GET /api/packs responded 200 in 5.3894 ms
2026-06-16 14:45:46.396 +00:00 [INF] HTTP OPTIONS /api/packs responded 204 in 0.1217 ms
2026-06-16 14:45:46.500 +00:00 [INF] HTTP POST /api/packs responded 400 in 90.8133 ms
2026-06-16 14:45:48.436 +00:00 [INF] HTTP POST /api/packs responded 400 in 3.6819 ms
2026-06-16 14:45:48.649 +00:00 [INF] HTTP POST /api/packs responded 400 in 4.6731 ms
2026-06-16 14:45:50.054 +00:00 [INF] HTTP POST /api/packs responded 400 in 3.4349 ms
2026-06-16 14:45:51.105 +00:00 [INF] HTTP POST /api/packs responded 400 in 4.8428 ms
2026-06-16 14:45:51.287 +00:00 [INF] HTTP POST /api/packs responded 400 in 2.4418 ms
2026-06-16 14:45:51.514 +00:00 [INF] HTTP OPTIONS /api/packs responded 204 in 0.1062 ms
2026-06-16 14:45:51.527 +00:00 [INF] HTTP POST /api/packs responded 400 in 3.9212 ms
2026-06-16 14:45:51.726 +00:00 [INF] HTTP POST /api/packs responded 400 in 7.7543 ms
2026-06-16 14:46:07.723 +00:00 [INF] HTTP OPTIONS /api/packs responded 204 in 0.1149 ms
2026-06-16 14:46:07.742 +00:00 [INF] HTTP POST /api/packs responded 400 in 7.1377 ms
2026-06-16 14:46:08.453 +00:00 [INF] HTTP POST /api/packs responded 400 in 4.8974 ms
2026-06-16 14:46:08.763 +00:00 [INF] HTTP POST /api/packs responded 400 in 4.0269 ms
2026-06-16 14:46:08.968 +00:00 [INF] HTTP POST /api/packs responded 400 in 2.7070 ms
2026-06-16 14:46:09.171 +00:00 [INF] HTTP POST /api/packs responded 400 in 4.4321 ms
2026-06-16 14:46:09.379 +00:00 [INF] HTTP POST /api/packs responded 400 in 3.7576 ms
2026-06-16 14:46:13.106 +00:00 [INF] HTTP OPTIONS /api/packs responded 204 in 0.2373 ms
2026-06-16 14:46:13.140 +00:00 [INF] HTTP GET /api/packs responded 200 in 14.0093 ms
2026-06-16 14:46:23.187 +00:00 [INF] HTTP OPTIONS /api/packs responded 204 in 0.9468 ms
2026-06-16 14:46:23.198 +00:00 [INF] HTTP POST /api/packs responded 400 in 2.6244 ms
2026-06-16 14:46:23.811 +00:00 [INF] HTTP POST /api/packs responded 400 in 2.7137 ms
2026-06-16 14:46:24.014 +00:00 [INF] HTTP POST /api/packs responded 400 in 2.5846 ms
2026-06-16 14:46:33.440 +00:00 [INF] HTTP OPTIONS /api/packs responded 204 in 0.1450 ms
2026-06-16 14:46:33.461 +00:00 [INF] HTTP POST /api/packs responded 400 in 11.3170 ms
2026-06-16 14:47:45.504 +00:00 [INF] HTTP OPTIONS /api/packs responded 204 in 0.1075 ms
2026-06-16 14:47:45.583 +00:00 [INF] HTTP GET /api/packs responded 200 in 13.6994 ms
2026-06-16 14:47:50.579 +00:00 [INF] HTTP OPTIONS /api/orders responded 204 in 0.0833 ms
2026-06-16 14:47:50.621 +00:00 [INF] HTTP GET /api/orders responded 200 in 19.9892 ms
2026-06-16 14:50:21.855 +00:00 [INF] HTTP OPTIONS /api/orders responded 204 in 0.0828 ms
2026-06-16 14:50:21.883 +00:00 [INF] HTTP GET /api/orders responded 200 in 7.9386 ms
2026-06-16 14:52:39.803 +00:00 [INF] HTTP OPTIONS /api/orders responded 204 in 4.7561 ms
2026-06-16 14:52:40.475 +00:00 [INF] HTTP GET /api/orders responded 200 in 654.1256 ms
2026-06-16 14:52:43.032 +00:00 [INF] HTTP GET /api/orders responded 200 in 24.8926 ms
2026-06-16 14:52:46.695 +00:00 [INF] HTTP OPTIONS /api/packs responded 204 in 0.1266 ms
2026-06-16 14:52:46.744 +00:00 [INF] HTTP GET /api/packs responded 200 in 32.6742 ms
2026-06-16 14:53:05.500 +00:00 [INF] HTTP OPTIONS /api/packs responded 204 in 11.2778 ms
2026-06-16 14:53:06.017 +00:00 [INF] HTTP POST /api/packs responded 201 in 507.5691 ms
2026-06-16 14:53:06.062 +00:00 [INF] HTTP GET /api/packs responded 200 in 24.5475 ms
2026-06-16 14:53:42.155 +00:00 [INF] HTTP POST /api/auth/admin/login responded 200 in 291.8787 ms
2026-06-16 14:53:42.415 +00:00 [INF] HTTP GET /api/packs responded 200 in 8.6193 ms
2026-06-16 14:54:01.506 +00:00 [INF] HTTP OPTIONS /api/packs responded 204 in 0.1740 ms
2026-06-16 14:54:01.524 +00:00 [INF] HTTP GET /api/packs responded 200 in 5.6633 ms
2026-06-16 14:55:20.335 +00:00 [INF] HTTP OPTIONS /api/packs responded 204 in 0.6711 ms
2026-06-16 14:55:20.434 +00:00 [INF] HTTP GET /api/packs responded 200 in 38.1163 ms
2026-06-16 14:56:46.782 +00:00 [INF] HTTP OPTIONS /api/auth/customer/login responded 204 in 0.2580 ms
2026-06-16 14:56:47.086 +00:00 [INF] HTTP POST /api/auth/customer/login responded 200 in 286.6756 ms
2026-06-16 14:56:47.261 +00:00 [INF] HTTP OPTIONS /api/orders responded 204 in 0.1133 ms
2026-06-16 14:56:47.324 +00:00 [INF] HTTP GET /api/orders responded 200 in 45.8299 ms
2026-06-16 14:56:57.071 +00:00 [INF] HTTP OPTIONS /api/auth/customer/login responded 204 in 0.2232 ms
2026-06-16 14:56:57.354 +00:00 [INF] HTTP POST /api/auth/customer/login responded 200 in 265.9302 ms
2026-06-16 14:57:01.211 +00:00 [INF] HTTP OPTIONS /api/packs responded 204 in 0.0608 ms
2026-06-16 14:57:01.238 +00:00 [INF] HTTP GET /api/packs responded 200 in 12.8793 ms
2026-06-16 14:57:54.064 +00:00 [INF] HTTP OPTIONS /api/packs responded 204 in 0.0863 ms
2026-06-16 14:57:55.169 +00:00 [INF] HTTP GET /api/packs responded 200 in 1092.2144 ms
2026-06-16 14:58:41.621 +00:00 [INF] HTTP OPTIONS /api/packs responded 204 in 0.1516 ms
2026-06-16 14:58:41.648 +00:00 [INF] HTTP GET /api/packs responded 200 in 15.1566 ms
2026-06-16 15:04:39.223 +00:00 [INF] HTTP OPTIONS /api/packs responded 204 in 1.4013 ms
2026-06-16 15:04:39.833 +00:00 [INF] HTTP GET /api/packs responded 200 in 587.6972 ms
2026-06-16 15:06:50.497 +00:00 [INF] HTTP OPTIONS /api/packs responded 204 in 20.3293 ms
2026-06-16 15:06:50.504 +00:00 [INF] HTTP OPTIONS /api/beneficiaries responded 204 in 0.1010 ms
2026-06-16 15:06:50.786 +00:00 [INF] HTTP GET /api/packs responded 200 in 255.9096 ms
2026-06-16 15:06:51.038 +00:00 [INF] HTTP GET /api/beneficiaries responded 200 in 506.3432 ms
2026-06-16 15:09:16.223 +00:00 [INF] HTTP OPTIONS /api/beneficiaries responded 204 in 8.3249 ms
2026-06-16 15:09:16.223 +00:00 [INF] HTTP OPTIONS /api/packs responded 204 in 8.8038 ms
2026-06-16 15:09:16.710 +00:00 [INF] HTTP GET /api/beneficiaries responded 200 in 464.2947 ms
2026-06-16 15:09:16.743 +00:00 [INF] HTTP GET /api/packs responded 200 in 494.2580 ms
2026-06-16 15:09:25.649 +00:00 [INF] HTTP OPTIONS /api/beneficiaries responded 204 in 0.1268 ms
2026-06-16 15:09:25.649 +00:00 [INF] HTTP OPTIONS /api/packs responded 204 in 1.6749 ms
2026-06-16 15:09:25.685 +00:00 [INF] HTTP GET /api/beneficiaries responded 200 in 18.9794 ms
2026-06-16 15:09:25.726 +00:00 [INF] HTTP GET /api/packs responded 200 in 59.4878 ms
2026-06-16 15:10:26.580 +00:00 [INF] HTTP OPTIONS /api/packs responded 204 in 0.0751 ms
2026-06-16 15:10:26.582 +00:00 [INF] HTTP OPTIONS /api/beneficiaries responded 204 in 0.0634 ms
2026-06-16 15:10:26.874 +00:00 [INF] HTTP GET /api/packs responded 200 in 245.6239 ms
2026-06-16 15:10:26.875 +00:00 [INF] HTTP GET /api/beneficiaries responded 200 in 193.4546 ms
2026-06-16 15:14:19.068 +00:00 [INF] HTTP OPTIONS /api/auth/customer/login responded 204 in 5.0838 ms
2026-06-16 15:14:19.595 +00:00 [INF] HTTP POST /api/auth/customer/login responded 200 in 510.2296 ms
2026-06-16 15:14:19.750 +00:00 [INF] HTTP OPTIONS /api/orders responded 204 in 0.8803 ms
2026-06-16 15:14:19.836 +00:00 [INF] HTTP GET /api/orders responded 200 in 70.7782 ms
2026-06-16 15:14:56.989 +00:00 [INF] HTTP OPTIONS /api/orders responded 204 in 0.3012 ms
2026-06-16 15:14:57.050 +00:00 [INF] HTTP GET /api/orders responded 200 in 42.5356 ms
2026-06-16 15:19:38.411 +00:00 [INF] HTTP OPTIONS /api/customers/f723adba-f6af-444a-9d13-5bb2fef33c10 responded 204 in 0.6535 ms
2026-06-16 15:19:38.411 +00:00 [INF] HTTP OPTIONS /api/orders responded 204 in 3.7017 ms
2026-06-16 15:19:38.413 +00:00 [INF] HTTP OPTIONS /api/beneficiaries responded 204 in 0.0630 ms
2026-06-16 15:19:38.426 +00:00 [INF] HTTP OPTIONS /api/packs responded 204 in 0.0575 ms
2026-06-16 15:19:38.428 +00:00 [INF] HTTP OPTIONS /api/orders responded 204 in 0.0918 ms
2026-06-16 15:19:38.720 +00:00 [INF] HTTP GET /api/beneficiaries responded 200 in 285.5455 ms
2026-06-16 15:19:38.720 +00:00 [INF] HTTP GET /api/orders responded 200 in 286.0006 ms
2026-06-16 15:19:38.737 +00:00 [INF] HTTP GET /api/packs responded 200 in 280.6637 ms
2026-06-16 15:19:38.738 +00:00 [INF] HTTP GET /api/orders responded 200 in 8.8521 ms
2026-06-16 15:19:39.258 +00:00 [INF] HTTP GET /api/customers/f723adba-f6af-444a-9d13-5bb2fef33c10 responded 200 in 806.0340 ms
2026-06-16 15:19:46.082 +00:00 [INF] HTTP OPTIONS /api/orders responded 204 in 0.0519 ms
2026-06-16 15:19:46.082 +00:00 [INF] HTTP OPTIONS /api/customers/f723adba-f6af-444a-9d13-5bb2fef33c10 responded 204 in 0.1278 ms
2026-06-16 15:19:46.083 +00:00 [INF] HTTP OPTIONS /api/packs responded 204 in 0.0150 ms
2026-06-16 15:19:46.083 +00:00 [INF] HTTP OPTIONS /api/beneficiaries responded 204 in 0.0135 ms
2026-06-16 15:19:46.083 +00:00 [INF] HTTP OPTIONS /api/orders responded 204 in 0.0117 ms
2026-06-16 15:19:46.135 +00:00 [INF] HTTP GET /api/orders responded 200 in 18.4363 ms
2026-06-16 15:19:46.136 +00:00 [INF] HTTP GET /api/packs responded 200 in 22.5040 ms
2026-06-16 15:19:46.146 +00:00 [INF] HTTP GET /api/beneficiaries responded 200 in 31.9842 ms
2026-06-16 15:19:46.203 +00:00 [INF] HTTP GET /api/orders responded 200 in 39.7613 ms
2026-06-16 15:19:46.284 +00:00 [INF] HTTP GET /api/customers/f723adba-f6af-444a-9d13-5bb2fef33c10 responded 200 in 175.2754 ms
2026-06-16 15:19:58.339 +00:00 [INF] HTTP OPTIONS /api/auth/customer/login responded 204 in 0.1364 ms
2026-06-16 15:19:58.636 +00:00 [INF] HTTP POST /api/auth/customer/login responded 200 in 284.2237 ms
2026-06-16 15:20:17.154 +00:00 [INF] HTTP OPTIONS /api/auth/admin/login responded 204 in 0.0931 ms
2026-06-16 15:20:17.432 +00:00 [INF] HTTP POST /api/auth/admin/login responded 200 in 242.8398 ms
2026-06-16 15:20:17.552 +00:00 [INF] HTTP OPTIONS /api/orders responded 204 in 0.1239 ms
2026-06-16 15:20:17.553 +00:00 [INF] HTTP OPTIONS /api/orders responded 204 in 0.3638 ms
2026-06-16 15:20:17.555 +00:00 [INF] HTTP OPTIONS /api/products responded 204 in 0.2272 ms
2026-06-16 15:20:17.567 +00:00 [INF] HTTP OPTIONS /api/customers responded 204 in 0.2490 ms
2026-06-16 15:20:17.603 +00:00 [INF] HTTP GET /api/orders responded 200 in 21.5678 ms
2026-06-16 15:20:17.607 +00:00 [INF] HTTP GET /api/orders responded 200 in 9.0138 ms
2026-06-16 15:20:17.623 +00:00 [INF] HTTP GET /api/customers responded 200 in 30.4197 ms
2026-06-16 15:20:17.640 +00:00 [INF] HTTP GET /api/products responded 200 in 46.5814 ms
2026-06-16 15:20:43.786 +00:00 [INF] HTTP GET /api/packs responded 401 in 30.5806 ms
2026-06-16 15:20:50.310 +00:00 [INF] HTTP OPTIONS /api/auth/customer/login responded 204 in 0.0630 ms
2026-06-16 15:20:50.581 +00:00 [INF] HTTP POST /api/auth/customer/login responded 200 in 258.2608 ms
2026-06-16 15:20:50.725 +00:00 [INF] HTTP OPTIONS /api/customers/f723adba-f6af-444a-9d13-5bb2fef33c10 responded 204 in 0.1213 ms
2026-06-16 15:20:50.725 +00:00 [INF] HTTP OPTIONS /api/orders responded 204 in 0.0130 ms
2026-06-16 15:20:50.725 +00:00 [INF] HTTP OPTIONS /api/orders responded 204 in 0.0330 ms
2026-06-16 15:20:50.726 +00:00 [INF] HTTP OPTIONS /api/packs responded 204 in 0.0239 ms
2026-06-16 15:20:50.726 +00:00 [INF] HTTP OPTIONS /api/beneficiaries responded 204 in 0.0124 ms
2026-06-16 15:20:50.783 +00:00 [INF] HTTP GET /api/orders responded 200 in 17.6514 ms
2026-06-16 15:20:50.783 +00:00 [INF] HTTP GET /api/packs responded 200 in 21.6142 ms
2026-06-16 15:20:50.783 +00:00 [INF] HTTP GET /api/customers/f723adba-f6af-444a-9d13-5bb2fef33c10 responded 200 in 21.3218 ms
2026-06-16 15:20:50.816 +00:00 [INF] HTTP GET /api/orders responded 200 in 19.1848 ms
2026-06-16 15:20:50.829 +00:00 [INF] HTTP GET /api/beneficiaries responded 200 in 45.6895 ms
2026-06-16 15:21:25.061 +00:00 [INF] HTTP OPTIONS /api/orders responded 204 in 0.0857 ms
2026-06-16 15:21:25.062 +00:00 [INF] HTTP OPTIONS /api/orders responded 204 in 0.0374 ms
2026-06-16 15:21:25.062 +00:00 [INF] HTTP OPTIONS /api/packs responded 204 in 0.0309 ms
2026-06-16 15:21:25.062 +00:00 [INF] HTTP OPTIONS /api/beneficiaries responded 204 in 0.0168 ms
2026-06-16 15:21:25.062 +00:00 [INF] HTTP OPTIONS /api/customers/f723adba-f6af-444a-9d13-5bb2fef33c10 responded 204 in 0.0169 ms
2026-06-16 15:21:25.093 +00:00 [INF] HTTP GET /api/packs responded 200 in 6.3409 ms
2026-06-16 15:21:25.094 +00:00 [INF] HTTP GET /api/orders responded 200 in 12.7089 ms
2026-06-16 15:21:25.097 +00:00 [INF] HTTP GET /api/customers/f723adba-f6af-444a-9d13-5bb2fef33c10 responded 200 in 8.1525 ms
2026-06-16 15:21:25.118 +00:00 [INF] HTTP GET /api/orders responded 200 in 20.1460 ms
2026-06-16 15:21:25.137 +00:00 [INF] HTTP GET /api/beneficiaries responded 200 in 6.4015 ms
2026-06-16 15:22:18.650 +00:00 [INF] HTTP OPTIONS /api/customers/f723adba-f6af-444a-9d13-5bb2fef33c10 responded 204 in 0.0645 ms
2026-06-16 15:22:18.656 +00:00 [INF] HTTP OPTIONS /api/orders responded 204 in 0.1656 ms
2026-06-16 15:22:18.656 +00:00 [INF] HTTP OPTIONS /api/packs responded 204 in 0.0191 ms
2026-06-16 15:22:18.656 +00:00 [INF] HTTP OPTIONS /api/beneficiaries responded 204 in 0.0076 ms
2026-06-16 15:22:18.653 +00:00 [INF] HTTP OPTIONS /api/orders responded 204 in 0.0540 ms
2026-06-16 15:22:18.850 +00:00 [INF] HTTP GET /api/orders responded 200 in 27.8807 ms
2026-06-16 15:22:18.851 +00:00 [INF] HTTP GET /api/beneficiaries responded 200 in 8.9876 ms
2026-06-16 15:22:18.866 +00:00 [INF] HTTP GET /api/orders responded 200 in 11.1072 ms
2026-06-16 15:22:18.966 +00:00 [INF] HTTP GET /api/customers/f723adba-f6af-444a-9d13-5bb2fef33c10 responded 200 in 290.6576 ms
2026-06-16 15:22:18.976 +00:00 [INF] HTTP GET /api/packs responded 200 in 7.9729 ms
2026-06-16 15:23:43.230 +00:00 [INF] HTTP OPTIONS /api/orders responded 204 in 0.0957 ms
2026-06-16 15:23:43.240 +00:00 [INF] HTTP OPTIONS /api/packs responded 204 in 0.0506 ms
2026-06-16 15:23:43.296 +00:00 [INF] HTTP GET /api/packs responded 200 in 9.3875 ms
2026-06-16 15:23:43.314 +00:00 [INF] HTTP GET /api/orders responded 200 in 4.2082 ms
2026-06-16 15:23:43.645 +00:00 [INF] HTTP OPTIONS /api/beneficiaries responded 204 in 0.0512 ms
2026-06-16 15:23:43.688 +00:00 [INF] HTTP GET /api/beneficiaries responded 200 in 8.8868 ms
2026-06-16 15:24:31.333 +00:00 [INF] HTTP OPTIONS /api/orders responded 204 in 0.1560 ms
2026-06-16 15:24:31.355 +00:00 [INF] HTTP OPTIONS /api/beneficiaries responded 204 in 0.0264 ms
2026-06-16 15:24:31.355 +00:00 [INF] HTTP OPTIONS /api/packs responded 204 in 0.0486 ms
2026-06-16 15:24:31.369 +00:00 [INF] HTTP GET /api/orders responded 200 in 13.2391 ms
2026-06-16 15:24:31.403 +00:00 [INF] HTTP GET /api/beneficiaries responded 200 in 21.0816 ms
2026-06-16 15:24:31.404 +00:00 [INF] HTTP GET /api/packs responded 200 in 18.7512 ms
2026-06-16 15:25:02.356 +00:00 [INF] HTTP OPTIONS /api/orders responded 204 in 0.0668 ms
2026-06-16 15:25:02.376 +00:00 [INF] HTTP OPTIONS /api/packs responded 204 in 0.0931 ms
2026-06-16 15:25:02.614 +00:00 [INF] HTTP GET /api/orders responded 200 in 244.2030 ms
2026-06-16 15:25:02.635 +00:00 [INF] HTTP GET /api/packs responded 200 in 196.3539 ms
2026-06-16 15:25:02.946 +00:00 [INF] HTTP OPTIONS /api/beneficiaries responded 204 in 0.0556 ms
2026-06-16 15:25:02.969 +00:00 [INF] HTTP GET /api/beneficiaries responded 200 in 7.4796 ms
2026-06-16 15:25:58.557 +00:00 [INF] HTTP OPTIONS /api/customers/f723adba-f6af-444a-9d13-5bb2fef33c10 responded 204 in 0.2569 ms
2026-06-16 15:25:58.563 +00:00 [INF] HTTP OPTIONS /api/orders responded 204 in 0.0153 ms
2026-06-16 15:25:58.563 +00:00 [INF] HTTP OPTIONS /api/orders responded 204 in 0.0613 ms
2026-06-16 15:25:58.564 +00:00 [INF] HTTP OPTIONS /api/beneficiaries responded 204 in 0.0124 ms
2026-06-16 15:25:58.564 +00:00 [INF] HTTP OPTIONS /api/packs responded 204 in 0.0670 ms
2026-06-16 15:25:58.750 +00:00 [INF] HTTP GET /api/beneficiaries responded 200 in 16.3536 ms
2026-06-16 15:25:58.759 +00:00 [INF] HTTP GET /api/orders responded 200 in 139.0560 ms
2026-06-16 15:25:58.778 +00:00 [INF] HTTP GET /api/orders responded 200 in 10.4158 ms
2026-06-16 15:25:58.781 +00:00 [INF] HTTP GET /api/customers/f723adba-f6af-444a-9d13-5bb2fef33c10 responded 200 in 150.4664 ms
2026-06-16 15:25:58.809 +00:00 [INF] HTTP GET /api/packs responded 200 in 5.1154 ms
2026-06-16 15:26:01.915 +00:00 [INF] HTTP GET /api/customers/f723adba-f6af-444a-9d13-5bb2fef33c10 responded 200 in 16.9264 ms
2026-06-16 15:26:01.930 +00:00 [INF] HTTP GET /api/packs responded 200 in 23.4348 ms
2026-06-16 15:26:01.943 +00:00 [INF] HTTP GET /api/beneficiaries responded 200 in 27.4126 ms
2026-06-16 15:26:02.180 +00:00 [INF] HTTP GET /api/orders responded 200 in 279.4781 ms
2026-06-16 15:26:02.195 +00:00 [INF] HTTP GET /api/orders responded 200 in 7.2700 ms
2026-06-16 15:26:17.167 +00:00 [INF] HTTP OPTIONS /api/auth/customer/login responded 204 in 0.1086 ms
2026-06-16 15:26:17.545 +00:00 [INF] HTTP POST /api/auth/customer/login responded 200 in 364.9509 ms
2026-06-16 15:26:35.054 +00:00 [INF] HTTP OPTIONS /api/customers/f723adba-f6af-444a-9d13-5bb2fef33c10 responded 204 in 0.1082 ms
2026-06-16 15:26:35.055 +00:00 [INF] HTTP OPTIONS /api/orders responded 204 in 0.0324 ms
2026-06-16 15:26:35.058 +00:00 [INF] HTTP OPTIONS /api/packs responded 204 in 0.1011 ms
2026-06-16 15:26:35.060 +00:00 [INF] HTTP OPTIONS /api/beneficiaries responded 204 in 0.1095 ms
2026-06-16 15:26:35.064 +00:00 [INF] HTTP OPTIONS /api/orders responded 204 in 0.0556 ms
2026-06-16 15:26:35.610 +00:00 [INF] HTTP GET /api/beneficiaries responded 200 in 29.4706 ms
2026-06-16 15:26:35.616 +00:00 [INF] HTTP GET /api/packs responded 200 in 35.5950 ms
2026-06-16 15:26:35.623 +00:00 [INF] HTTP GET /api/customers/f723adba-f6af-444a-9d13-5bb2fef33c10 responded 200 in 43.2021 ms
2026-06-16 15:26:35.639 +00:00 [INF] HTTP GET /api/orders responded 200 in 10.1969 ms
2026-06-16 15:26:35.658 +00:00 [INF] HTTP GET /api/orders responded 200 in 11.5475 ms
2026-06-16 15:26:38.349 +00:00 [INF] HTTP GET /_framework/aspnetcore-browser-refresh.js responded 404 in 4.5228 ms
2026-06-16 15:27:42.795 +00:00 [INF] HTTP OPTIONS /api/customers/f723adba-f6af-444a-9d13-5bb2fef33c10 responded 204 in 0.8760 ms
2026-06-16 15:27:42.919 +00:00 [INF] HTTP OPTIONS /api/orders responded 204 in 0.0570 ms
2026-06-16 15:27:42.920 +00:00 [INF] HTTP OPTIONS /api/packs responded 204 in 0.0177 ms
2026-06-16 15:27:42.920 +00:00 [INF] HTTP OPTIONS /api/beneficiaries responded 204 in 0.0105 ms
2026-06-16 15:27:42.920 +00:00 [INF] HTTP OPTIONS /api/orders responded 204 in 0.0160 ms
2026-06-16 15:27:43.146 +00:00 [INF] HTTP GET /api/orders responded 200 in 199.5378 ms
2026-06-16 15:27:43.146 +00:00 [INF] HTTP GET /api/beneficiaries responded 200 in 199.3760 ms
2026-06-16 15:27:43.195 +00:00 [INF] HTTP GET /api/orders responded 200 in 32.0323 ms
2026-06-16 15:27:43.223 +00:00 [INF] HTTP GET /api/customers/f723adba-f6af-444a-9d13-5bb2fef33c10 responded 200 in 275.8002 ms
2026-06-16 15:27:43.244 +00:00 [INF] HTTP GET /api/packs responded 200 in 297.6596 ms
2026-06-16 15:28:20.122 +00:00 [INF] HTTP OPTIONS /api/orders responded 204 in 0.0773 ms
2026-06-16 15:28:20.122 +00:00 [INF] HTTP OPTIONS /api/orders responded 204 in 0.0647 ms
2026-06-16 15:28:20.124 +00:00 [INF] HTTP OPTIONS /api/packs responded 204 in 0.0686 ms
2026-06-16 15:28:20.124 +00:00 [INF] HTTP OPTIONS /api/beneficiaries responded 204 in 0.0074 ms
2026-06-16 15:28:20.160 +00:00 [INF] HTTP OPTIONS /api/customers/f723adba-f6af-444a-9d13-5bb2fef33c10 responded 204 in 0.0275 ms
2026-06-16 15:28:20.169 +00:00 [INF] HTTP GET /api/packs responded 200 in 9.8673 ms
2026-06-16 15:28:20.202 +00:00 [INF] HTTP GET /api/orders responded 200 in 59.6520 ms
2026-06-16 15:28:20.214 +00:00 [INF] HTTP GET /api/beneficiaries responded 200 in 52.7635 ms
2026-06-16 15:28:20.237 +00:00 [INF] HTTP GET /api/orders responded 200 in 10.3465 ms
2026-06-16 15:28:20.250 +00:00 [INF] HTTP GET /api/customers/f723adba-f6af-444a-9d13-5bb2fef33c10 responded 200 in 14.0996 ms
2026-06-16 15:31:19.378 +00:00 [INF] HTTP OPTIONS /api/orders responded 204 in 0.0836 ms
2026-06-16 15:31:19.381 +00:00 [INF] HTTP OPTIONS /api/beneficiaries responded 204 in 0.0616 ms
2026-06-16 15:31:19.383 +00:00 [INF] HTTP OPTIONS /api/packs responded 204 in 0.0558 ms
2026-06-16 15:31:19.701 +00:00 [INF] HTTP GET /api/beneficiaries responded 200 in 292.0077 ms
2026-06-16 15:31:19.707 +00:00 [INF] HTTP GET /api/packs responded 200 in 296.6582 ms
2026-06-16 15:31:19.725 +00:00 [INF] HTTP GET /api/orders responded 200 in 317.2132 ms
2026-06-16 15:31:52.485 +00:00 [INF] HTTP OPTIONS /api/orders responded 204 in 0.0709 ms
2026-06-16 15:31:52.524 +00:00 [INF] HTTP GET /api/orders responded 200 in 28.9215 ms
2026-06-16 15:34:02.990 +00:00 [INF] HTTP OPTIONS /api/orders responded 204 in 0.1080 ms
2026-06-16 15:34:03.120 +00:00 [INF] HTTP GET /api/orders responded 200 in 94.3381 ms
2026-06-16 15:35:02.977 +00:00 [INF] HTTP OPTIONS /api/auth/customer/login responded 204 in 0.1309 ms
2026-06-16 15:35:03.408 +00:00 [INF] HTTP POST /api/auth/customer/login responded 200 in 373.9711 ms
2026-06-16 15:35:03.607 +00:00 [INF] HTTP OPTIONS /api/orders responded 204 in 0.0667 ms
2026-06-16 15:35:03.647 +00:00 [INF] HTTP GET /api/orders responded 200 in 23.7137 ms
2026-06-16 15:35:07.402 +00:00 [INF] HTTP OPTIONS /api/packs responded 204 in 0.0717 ms
2026-06-16 15:35:07.402 +00:00 [INF] HTTP OPTIONS /api/beneficiaries responded 204 in 0.0302 ms
2026-06-16 15:35:07.542 +00:00 [INF] HTTP GET /api/beneficiaries responded 200 in 53.5471 ms
2026-06-16 15:35:07.573 +00:00 [INF] HTTP GET /api/packs responded 200 in 90.4103 ms
2026-06-16 15:35:38.538 +00:00 [INF] HTTP OPTIONS /api/orders responded 204 in 0.2720 ms
2026-06-16 15:35:38.713 +00:00 [INF] HTTP GET /api/orders responded 200 in 163.7802 ms
2026-06-16 15:36:13.373 +00:00 [INF] HTTP OPTIONS /api/orders responded 204 in 0.2952 ms
2026-06-16 15:36:13.434 +00:00 [INF] HTTP GET /api/orders responded 200 in 31.3430 ms
2026-06-16 15:37:28.812 +00:00 [INF] HTTP OPTIONS /api/orders responded 204 in 0.0783 ms
2026-06-16 15:37:30.695 +00:00 [INF] HTTP GET /api/orders responded 200 in 1845.5899 ms
2026-06-16 15:38:56.300 +00:00 [INF] HTTP OPTIONS /api/orders responded 204 in 2.4557 ms
2026-06-16 15:38:56.667 +00:00 [INF] HTTP GET /api/orders responded 200 in 316.9177 ms
2026-06-16 15:39:27.624 +00:00 [INF] HTTP OPTIONS /api/orders responded 204 in 0.0807 ms
2026-06-16 15:39:27.645 +00:00 [INF] HTTP GET /api/orders responded 200 in 6.5444 ms
2026-06-16 15:39:29.801 +00:00 [INF] HTTP OPTIONS /api/beneficiaries responded 204 in 0.0773 ms
2026-06-16 15:39:29.801 +00:00 [INF] HTTP OPTIONS /api/packs responded 204 in 0.0241 ms
2026-06-16 15:39:29.930 +00:00 [INF] HTTP GET /api/packs responded 200 in 83.7779 ms
2026-06-16 15:39:29.984 +00:00 [INF] HTTP GET /api/beneficiaries responded 200 in 138.1837 ms
2026-06-16 15:40:12.466 +00:00 [INF] HTTP OPTIONS /api/packs responded 204 in 0.0794 ms
2026-06-16 15:40:12.467 +00:00 [INF] HTTP OPTIONS /api/beneficiaries responded 204 in 0.0476 ms
2026-06-16 15:40:12.623 +00:00 [INF] HTTP GET /api/beneficiaries responded 200 in 19.6998 ms
2026-06-16 15:40:12.640 +00:00 [INF] HTTP GET /api/packs responded 200 in 148.4056 ms
2026-06-16 15:41:11.160 +00:00 [INF] HTTP OPTIONS /api/packs responded 204 in 0.0812 ms
2026-06-16 15:41:11.161 +00:00 [INF] HTTP OPTIONS /api/beneficiaries responded 204 in 0.0352 ms
2026-06-16 15:41:11.377 +00:00 [INF] HTTP GET /api/beneficiaries responded 200 in 39.5840 ms
2026-06-16 15:41:11.626 +00:00 [INF] HTTP GET /api/packs responded 200 in 403.3545 ms
2026-06-16 15:41:16.200 +00:00 [INF] HTTP GET /api/beneficiaries responded 200 in 230.9003 ms
2026-06-16 15:41:16.919 +00:00 [INF] HTTP GET /api/packs responded 200 in 967.5018 ms
2026-06-16 15:41:22.955 +00:00 [INF] HTTP OPTIONS /api/orders responded 204 in 0.7316 ms
2026-06-16 15:41:22.990 +00:00 [INF] HTTP GET /api/orders responded 200 in 19.3173 ms
2026-06-16 15:41:48.091 +00:00 [INF] HTTP OPTIONS /api/beneficiaries responded 204 in 0.0729 ms
2026-06-16 15:41:48.117 +00:00 [INF] HTTP GET /api/beneficiaries responded 200 in 8.5316 ms
2026-06-16 15:41:58.173 +00:00 [INF] HTTP OPTIONS /api/orders responded 204 in 0.0634 ms
2026-06-16 15:41:58.189 +00:00 [INF] HTTP GET /api/orders responded 200 in 3.5530 ms
2026-06-16 15:42:31.492 +00:00 [INF] HTTP OPTIONS /api/orders responded 204 in 0.0709 ms
2026-06-16 15:42:31.782 +00:00 [INF] HTTP GET /api/orders responded 200 in 258.9004 ms
2026-06-16 15:43:52.964 +00:00 [INF] HTTP OPTIONS /api/orders responded 204 in 0.1285 ms
2026-06-16 15:43:52.997 +00:00 [INF] HTTP GET /api/orders responded 200 in 18.4018 ms
2026-06-16 15:43:56.425 +00:00 [INF] HTTP GET /api/orders responded 200 in 25.8325 ms
2026-06-16 15:44:04.248 +00:00 [INF] HTTP OPTIONS /api/packs responded 204 in 0.0911 ms
2026-06-16 15:44:04.253 +00:00 [INF] HTTP OPTIONS /api/beneficiaries responded 204 in 0.0603 ms
2026-06-16 15:44:04.292 +00:00 [INF] HTTP GET /api/beneficiaries responded 200 in 15.7734 ms
2026-06-16 15:44:04.957 +00:00 [INF] HTTP GET /api/packs responded 200 in 682.2395 ms
2026-06-16 15:45:14.895 +00:00 [INF] HTTP OPTIONS /api/orders responded 204 in 0.0838 ms
2026-06-16 15:45:14.927 +00:00 [INF] HTTP GET /api/orders responded 200 in 13.5891 ms
2026-06-16 15:45:53.416 +00:00 [INF] HTTP OPTIONS /api/orders responded 204 in 0.0999 ms
2026-06-16 15:45:53.447 +00:00 [INF] HTTP GET /api/orders responded 200 in 11.8047 ms
2026-06-16 15:46:31.976 +00:00 [INF] HTTP OPTIONS /api/beneficiaries responded 204 in 0.1370 ms
2026-06-16 15:46:31.964 +00:00 [INF] HTTP OPTIONS /api/packs responded 204 in 0.0551 ms
2026-06-16 15:46:32.024 +00:00 [INF] HTTP GET /api/packs responded 200 in 9.1285 ms
2026-06-16 15:46:32.026 +00:00 [INF] HTTP GET /api/beneficiaries responded 200 in 13.4792 ms
2026-06-16 15:46:42.063 +00:00 [INF] HTTP OPTIONS /api/orders responded 204 in 0.0896 ms
2026-06-16 15:46:42.107 +00:00 [INF] HTTP GET /api/orders responded 200 in 14.1261 ms
2026-06-16 15:49:17.295 +00:00 [INF] HTTP OPTIONS /api/orders responded 204 in 0.1882 ms
2026-06-16 15:49:17.878 +00:00 [INF] HTTP GET /api/orders responded 200 in 551.3384 ms
2026-06-16 15:50:27.580 +00:00 [INF] HTTP OPTIONS /api/customers/f723adba-f6af-444a-9d13-5bb2fef33c10 responded 204 in 0.1004 ms
2026-06-16 15:50:27.620 +00:00 [INF] HTTP OPTIONS /api/orders responded 204 in 0.2161 ms
2026-06-16 15:50:27.660 +00:00 [INF] HTTP GET /api/orders responded 200 in 21.9894 ms
2026-06-16 15:50:27.740 +00:00 [INF] HTTP GET /api/customers/f723adba-f6af-444a-9d13-5bb2fef33c10 responded 200 in 129.4291 ms
2026-06-16 15:50:27.746 +00:00 [INF] HTTP GET /api/orders responded 200 in 4.0654 ms
2026-06-16 15:51:40.562 +00:00 [INF] HTTP OPTIONS /api/orders responded 204 in 0.5525 ms
2026-06-16 15:51:40.585 +00:00 [INF] HTTP GET /api/orders responded 200 in 6.0862 ms
2026-06-16 15:51:40.596 +00:00 [INF] HTTP OPTIONS /api/packs responded 204 in 2.3545 ms
2026-06-16 15:51:40.636 +00:00 [INF] HTTP GET /api/packs responded 200 in 17.0620 ms
2026-06-16 15:51:40.638 +00:00 [INF] HTTP OPTIONS /api/beneficiaries responded 204 in 0.0592 ms
2026-06-16 15:51:40.682 +00:00 [INF] HTTP GET /api/beneficiaries responded 200 in 20.3208 ms
2026-06-16 15:52:20.348 +00:00 [INF] HTTP OPTIONS /api/orders responded 204 in 0.1679 ms
2026-06-16 15:52:20.377 +00:00 [INF] HTTP OPTIONS /api/packs responded 204 in 0.0730 ms
2026-06-16 15:52:20.393 +00:00 [INF] HTTP GET /api/orders responded 200 in 26.6966 ms
2026-06-16 15:52:20.524 +00:00 [INF] HTTP OPTIONS /api/beneficiaries responded 204 in 0.0528 ms
2026-06-16 15:52:20.544 +00:00 [INF] HTTP GET /api/beneficiaries responded 200 in 6.6718 ms
2026-06-16 15:52:20.631 +00:00 [INF] HTTP GET /api/packs responded 200 in 214.6623 ms
2026-06-16 15:53:17.707 +00:00 [INF] HTTP OPTIONS /api/orders responded 204 in 0.2268 ms
2026-06-16 15:53:17.710 +00:00 [INF] HTTP OPTIONS /api/packs responded 204 in 0.0549 ms
2026-06-16 15:53:17.715 +00:00 [INF] HTTP OPTIONS /api/orders responded 204 in 0.0420 ms
2026-06-16 15:53:17.715 +00:00 [INF] HTTP OPTIONS /api/customers/f723adba-f6af-444a-9d13-5bb2fef33c10 responded 204 in 0.0935 ms
2026-06-16 15:53:17.755 +00:00 [INF] HTTP OPTIONS /api/beneficiaries responded 204 in 0.0586 ms
2026-06-16 15:53:17.788 +00:00 [INF] HTTP GET /api/packs responded 200 in 36.5044 ms
2026-06-16 15:53:17.969 +00:00 [INF] HTTP GET /api/customers/f723adba-f6af-444a-9d13-5bb2fef33c10 responded 200 in 213.4066 ms
2026-06-16 15:53:18.204 +00:00 [INF] HTTP GET /api/beneficiaries responded 200 in 429.5382 ms
2026-06-16 15:53:18.205 +00:00 [INF] HTTP GET /api/orders responded 200 in 454.1806 ms
2026-06-16 15:53:18.216 +00:00 [INF] HTTP GET /api/orders responded 200 in 7.9707 ms
2026-06-16 15:53:55.303 +00:00 [INF] HTTP OPTIONS /api/packs responded 204 in 0.0757 ms
2026-06-16 15:53:55.306 +00:00 [INF] HTTP OPTIONS /api/beneficiaries responded 204 in 0.0627 ms
2026-06-16 15:53:55.333 +00:00 [INF] HTTP GET /api/beneficiaries responded 200 in 5.9219 ms
2026-06-16 15:53:55.333 +00:00 [INF] HTTP GET /api/packs responded 200 in 13.2084 ms
2026-06-16 15:54:00.337 +00:00 [INF] HTTP OPTIONS /api/orders responded 204 in 0.0594 ms
2026-06-16 15:54:00.360 +00:00 [INF] HTTP GET /api/orders responded 200 in 7.9382 ms
2026-06-16 15:54:54.212 +00:00 [INF] HTTP OPTIONS /api/orders responded 204 in 0.0757 ms
2026-06-16 15:54:54.214 +00:00 [INF] HTTP OPTIONS /api/packs responded 204 in 0.0619 ms
2026-06-16 15:54:54.214 +00:00 [INF] HTTP OPTIONS /api/beneficiaries responded 204 in 0.0293 ms
2026-06-16 15:54:54.231 +00:00 [INF] HTTP GET /api/packs responded 200 in 4.4596 ms
2026-06-16 15:54:54.232 +00:00 [INF] HTTP GET /api/beneficiaries responded 200 in 3.6888 ms
2026-06-16 15:54:54.232 +00:00 [INF] HTTP GET /api/orders responded 200 in 6.2562 ms
2026-06-16 15:55:37.241 +00:00 [INF] HTTP OPTIONS /api/orders responded 204 in 0.0726 ms
2026-06-16 15:55:37.255 +00:00 [INF] HTTP GET /api/orders responded 200 in 3.8530 ms
2026-06-16 15:56:11.739 +00:00 [INF] HTTP OPTIONS /api/orders responded 204 in 0.0829 ms
2026-06-16 15:56:11.786 +00:00 [INF] HTTP GET /api/orders responded 200 in 20.2446 ms
2026-06-16 15:56:14.382 +00:00 [INF] HTTP OPTIONS /api/packs responded 204 in 0.0595 ms
2026-06-16 15:56:14.382 +00:00 [INF] HTTP OPTIONS /api/beneficiaries responded 204 in 0.0113 ms
2026-06-16 15:56:14.427 +00:00 [INF] HTTP GET /api/packs responded 200 in 10.6479 ms
2026-06-16 15:56:14.432 +00:00 [INF] HTTP GET /api/beneficiaries responded 200 in 12.3770 ms
2026-06-16 15:58:18.837 +00:00 [INF] HTTP OPTIONS /api/orders responded 204 in 0.0835 ms
2026-06-16 15:58:18.860 +00:00 [INF] HTTP GET /api/orders responded 200 in 4.0270 ms
2026-06-16 16:03:08.729 +00:00 [INF] HTTP OPTIONS /api/auth/customer/login responded 204 in 3.5736 ms
2026-06-16 16:03:09.289 +00:00 [INF] HTTP POST /api/auth/customer/login responded 200 in 542.0369 ms
2026-06-16 16:03:09.469 +00:00 [INF] HTTP OPTIONS /api/orders responded 204 in 0.0583 ms
2026-06-16 16:03:09.507 +00:00 [INF] HTTP GET /api/orders responded 200 in 15.4565 ms
2026-06-16 16:03:31.443 +00:00 [INF] HTTP OPTIONS /api/customers/f723adba-f6af-444a-9d13-5bb2fef33c10 responded 204 in 0.1190 ms
2026-06-16 16:03:31.514 +00:00 [INF] HTTP GET /api/customers/f723adba-f6af-444a-9d13-5bb2fef33c10 responded 200 in 41.6285 ms
2026-06-16 16:03:41.512 +00:00 [INF] HTTP OPTIONS /api/customers/f723adba-f6af-444a-9d13-5bb2fef33c10 responded 204 in 1.1703 ms
2026-06-16 16:03:41.926 +00:00 [INF] HTTP PUT /api/customers/f723adba-f6af-444a-9d13-5bb2fef33c10 responded 400 in 397.3773 ms
2026-06-16 16:03:43.270 +00:00 [INF] HTTP PUT /api/customers/f723adba-f6af-444a-9d13-5bb2fef33c10 responded 400 in 2.5739 ms
2026-06-16 16:03:52.993 +00:00 [INF] HTTP OPTIONS /api/customers/f723adba-f6af-444a-9d13-5bb2fef33c10 responded 204 in 0.6798 ms
2026-06-16 16:03:53.011 +00:00 [INF] HTTP PUT /api/customers/f723adba-f6af-444a-9d13-5bb2fef33c10 responded 400 in 2.6985 ms
2026-06-16 16:03:55.753 +00:00 [INF] HTTP OPTIONS /api/orders responded 204 in 0.0958 ms
2026-06-16 16:03:55.779 +00:00 [INF] HTTP GET /api/orders responded 200 in 6.9490 ms
2026-06-16 16:03:59.858 +00:00 [INF] HTTP OPTIONS /api/customers/f723adba-f6af-444a-9d13-5bb2fef33c10 responded 204 in 0.0628 ms
2026-06-16 16:03:59.874 +00:00 [INF] HTTP PUT /api/customers/f723adba-f6af-444a-9d13-5bb2fef33c10 responded 400 in 3.9223 ms
2026-06-16 16:08:05.448 +00:00 [INF] HTTP POST /api/auth/customer/login responded 200 in 313.6473 ms
2026-06-16 16:08:05.782 +00:00 [INF] HTTP GET /api/customers/f723adba-f6af-444a-9d13-5bb2fef33c10 responded 200 in 24.6716 ms
2026-06-16 16:12:46.161 +00:00 [INF] HTTP OPTIONS /api/auth/customer/login responded 204 in 2.1484 ms
2026-06-16 16:12:46.746 +00:00 [INF] HTTP POST /api/auth/customer/login responded 200 in 565.6446 ms
2026-06-16 16:12:46.975 +00:00 [INF] HTTP OPTIONS /api/orders responded 204 in 0.1418 ms
2026-06-16 16:12:47.054 +00:00 [INF] HTTP GET /api/orders responded 200 in 39.5962 ms
2026-06-16 16:13:10.392 +00:00 [INF] HTTP OPTIONS /api/auth/customer/login responded 204 in 0.1806 ms
2026-06-16 16:13:10.666 +00:00 [INF] HTTP POST /api/auth/customer/login responded 200 in 258.7539 ms
2026-06-16 16:13:36.600 +00:00 [INF] HTTP OPTIONS /api/auth/customer/login responded 204 in 0.2630 ms
2026-06-16 16:13:36.862 +00:00 [INF] HTTP POST /api/auth/customer/login responded 200 in 253.3833 ms
2026-06-16 16:13:36.963 +00:00 [INF] HTTP OPTIONS /api/orders responded 204 in 0.6311 ms
2026-06-16 16:13:36.980 +00:00 [INF] HTTP GET /api/orders responded 200 in 5.1269 ms
2026-06-16 16:13:39.068 +00:00 [INF] HTTP OPTIONS /api/customers/f723adba-f6af-444a-9d13-5bb2fef33c10 responded 204 in 0.0514 ms
2026-06-16 16:13:39.132 +00:00 [INF] HTTP GET /api/customers/f723adba-f6af-444a-9d13-5bb2fef33c10 responded 200 in 15.7141 ms
2026-06-16 16:13:49.093 +00:00 [INF] HTTP OPTIONS /api/customers/f723adba-f6af-444a-9d13-5bb2fef33c10 responded 204 in 0.1957 ms
2026-06-16 16:13:49.160 +00:00 [INF] HTTP PUT /api/customers/f723adba-f6af-444a-9d13-5bb2fef33c10 responded 400 in 51.5284 ms
2026-06-16 16:13:50.223 +00:00 [INF] HTTP PUT /api/customers/f723adba-f6af-444a-9d13-5bb2fef33c10 responded 400 in 7.8360 ms
2026-06-16 16:13:50.698 +00:00 [INF] HTTP PUT /api/customers/f723adba-f6af-444a-9d13-5bb2fef33c10 responded 400 in 3.5209 ms
2026-06-16 16:48:03.704 +00:00 [INF] HTTP GET /api/customers/f723adba-f6af-444a-9d13-5bb2fef33c10 responded 401 in 150.6344 ms
2026-06-16 16:48:04.965 +00:00 [INF] HTTP GET /api/customers/f723adba-f6af-444a-9d13-5bb2fef33c10 responded 401 in 324.6369 ms
2026-06-16 16:48:07.729 +00:00 [INF] HTTP POST /api/auth/admin/login responded 200 in 963.0810 ms
2026-06-16 16:48:08.253 +00:00 [INF] HTTP GET /api/customers/f723adba-f6af-444a-9d13-5bb2fef33c10 responded 200 in 45.6410 ms
2026-06-16 16:48:31.705 +00:00 [INF] HTTP OPTIONS /api/customers/f723adba-f6af-444a-9d13-5bb2fef33c10 responded 204 in 0.3961 ms
2026-06-16 16:48:31.966 +00:00 [INF] HTTP OPTIONS /api/customers/f723adba-f6af-444a-9d13-5bb2fef33c10 responded 204 in 0.0785 ms
2026-06-16 16:50:52.886 +00:00 [INF] HTTP OPTIONS /api/customers/f723adba-f6af-444a-9d13-5bb2fef33c10 responded 204 in 0.3956 ms
2026-06-16 16:50:54.608 +00:00 [INF] HTTP GET /api/customers/f723adba-f6af-444a-9d13-5bb2fef33c10 responded 200 in 1634.5902 ms
2026-06-16 16:50:59.120 +00:00 [INF] HTTP OPTIONS /api/customers/f723adba-f6af-444a-9d13-5bb2fef33c10 responded 204 in 0.0722 ms
2026-06-16 16:50:59.602 +00:00 [INF] HTTP GET /api/customers/f723adba-f6af-444a-9d13-5bb2fef33c10 responded 200 in 448.0003 ms
2026-06-16 16:51:04.392 +00:00 [INF] HTTP OPTIONS /api/customers/f723adba-f6af-444a-9d13-5bb2fef33c10 responded 204 in 2.6326 ms
2026-06-16 16:51:04.857 +00:00 [INF] HTTP PUT /api/customers/f723adba-f6af-444a-9d13-5bb2fef33c10 responded 200 in 157.1506 ms
2026-06-16 16:51:04.892 +00:00 [INF] HTTP GET /api/customers/f723adba-f6af-444a-9d13-5bb2fef33c10 responded 200 in 9.1961 ms
2026-06-16 16:51:14.839 +00:00 [INF] HTTP OPTIONS /api/customers/f723adba-f6af-444a-9d13-5bb2fef33c10 responded 204 in 0.0729 ms
2026-06-16 16:51:15.118 +00:00 [INF] HTTP PUT /api/customers/f723adba-f6af-444a-9d13-5bb2fef33c10 responded 200 in 232.2854 ms
2026-06-16 16:51:15.172 +00:00 [INF] HTTP GET /api/customers/f723adba-f6af-444a-9d13-5bb2fef33c10 responded 200 in 4.7140 ms
2026-06-16 16:51:40.648 +00:00 [INF] HTTP OPTIONS /api/auth/customer/login responded 204 in 0.0933 ms
2026-06-16 16:51:40.946 +00:00 [INF] HTTP POST /api/auth/customer/login responded 200 in 256.0760 ms
2026-06-16 16:51:41.071 +00:00 [INF] HTTP OPTIONS /api/orders responded 204 in 0.0754 ms
2026-06-16 16:51:41.113 +00:00 [INF] HTTP GET /api/orders responded 200 in 28.4484 ms
2026-06-16 16:51:48.514 +00:00 [INF] HTTP OPTIONS /api/customers/f723adba-f6af-444a-9d13-5bb2fef33c10 responded 204 in 0.0579 ms
2026-06-16 16:51:48.688 +00:00 [INF] HTTP GET /api/customers/f723adba-f6af-444a-9d13-5bb2fef33c10 responded 200 in 132.6214 ms
2026-06-16 16:51:54.215 +00:00 [INF] HTTP OPTIONS /api/customers/f723adba-f6af-444a-9d13-5bb2fef33c10 responded 204 in 0.0521 ms
2026-06-16 16:51:54.264 +00:00 [INF] HTTP PUT /api/customers/f723adba-f6af-444a-9d13-5bb2fef33c10 responded 200 in 37.4205 ms
2026-06-16 16:51:54.291 +00:00 [INF] HTTP GET /api/customers/f723adba-f6af-444a-9d13-5bb2fef33c10 responded 200 in 7.9840 ms
2026-06-16 16:52:49.552 +00:00 [INF] HTTP OPTIONS /api/customers responded 204 in 0.0870 ms
2026-06-16 16:52:50.111 +00:00 [ERR] Failed executing DbCommand (110ms) [Parameters=[@p0='?' (DbType = Guid), @p1='?' (DbType = DateTime), @p2='?', @p3='?', @p4='?', @p5='?', @p6='?'], CommandType='"Text"', CommandTimeout='30']
INSERT INTO "Customers" ("Id", "CreatedAt", "Email", "FirstName", "LastName", "PasswordHash", "PhoneNumber")
VALUES (@p0, @p1, @p2, @p3, @p4, @p5, @p6);
2026-06-16 16:52:50.338 +00:00 [ERR] An exception occurred in the database while saving changes for context type 'NunyFoodWebApi.Infrastructure.Persistence.NunyFoodDbContext'.
Microsoft.EntityFrameworkCore.DbUpdateException: An error occurred while saving the entity changes. See the inner exception for details.
 ---> Npgsql.PostgresException (0x80004005): 23505: la valeur d'une clé dupliquée rompt la contrainte unique « IX_Customers_Email »

DETAIL: Detail redacted as it may contain sensitive data. Specify 'Include Error Detail' in the connection string to include this information.
   at Npgsql.Internal.NpgsqlConnector.ReadMessageLong(Boolean async, DataRowLoadingMode dataRowLoadingMode, Boolean readingNotifications, Boolean isReadingPrependedMessage)
   at System.Runtime.CompilerServices.PoolingAsyncValueTaskMethodBuilder`1.StateMachineBox`1.System.Threading.Tasks.Sources.IValueTaskSource<TResult>.GetResult(Int16 token)
   at Npgsql.NpgsqlDataReader.NextResult(Boolean async, Boolean isConsuming, CancellationToken cancellationToken)
   at Npgsql.NpgsqlDataReader.NextResult(Boolean async, Boolean isConsuming, CancellationToken cancellationToken)
   at Npgsql.NpgsqlCommand.ExecuteReader(Boolean async, CommandBehavior behavior, CancellationToken cancellationToken)
   at Npgsql.NpgsqlCommand.ExecuteReader(Boolean async, CommandBehavior behavior, CancellationToken cancellationToken)
   at Npgsql.NpgsqlCommand.ExecuteDbDataReaderAsync(CommandBehavior behavior, CancellationToken cancellationToken)
   at Microsoft.EntityFrameworkCore.Storage.RelationalCommand.ExecuteReaderAsync(RelationalCommandParameterObject parameterObject, CancellationToken cancellationToken)
   at Microsoft.EntityFrameworkCore.Storage.RelationalCommand.ExecuteReaderAsync(RelationalCommandParameterObject parameterObject, CancellationToken cancellationToken)
   at Microsoft.EntityFrameworkCore.Update.ReaderModificationCommandBatch.ExecuteAsync(IRelationalConnection connection, CancellationToken cancellationToken)
  Exception data:
    Severity: ERREUR
    SqlState: 23505
    MessageText: la valeur d'une clé dupliquée rompt la contrainte unique « IX_Customers_Email »
    Detail: Detail redacted as it may contain sensitive data. Specify 'Include Error Detail' in the connection string to include this information.
    SchemaName: public
    TableName: Customers
    ConstraintName: IX_Customers_Email
    File: nbtinsert.c
    Line: 673
    Routine: _bt_check_unique
   --- End of inner exception stack trace ---
   at Microsoft.EntityFrameworkCore.Update.ReaderModificationCommandBatch.ExecuteAsync(IRelationalConnection connection, CancellationToken cancellationToken)
   at Microsoft.EntityFrameworkCore.Update.Internal.BatchExecutor.ExecuteAsync(IEnumerable`1 commandBatches, IRelationalConnection connection, CancellationToken cancellationToken)
   at Microsoft.EntityFrameworkCore.Update.Internal.BatchExecutor.ExecuteAsync(IEnumerable`1 commandBatches, IRelationalConnection connection, CancellationToken cancellationToken)
   at Microsoft.EntityFrameworkCore.Update.Internal.BatchExecutor.ExecuteAsync(IEnumerable`1 commandBatches, IRelationalConnection connection, CancellationToken cancellationToken)
   at Microsoft.EntityFrameworkCore.Storage.RelationalDatabase.SaveChangesAsync(IList`1 entries, CancellationToken cancellationToken)
   at Microsoft.EntityFrameworkCore.ChangeTracking.Internal.StateManager.SaveChangesAsync(IList`1 entriesToSave, CancellationToken cancellationToken)
   at Microsoft.EntityFrameworkCore.ChangeTracking.Internal.StateManager.SaveChangesAsync(StateManager stateManager, Boolean acceptAllChangesOnSuccess, CancellationToken cancellationToken)
   at Npgsql.EntityFrameworkCore.PostgreSQL.Storage.Internal.NpgsqlExecutionStrategy.ExecuteAsync[TState,TResult](TState state, Func`4 operation, Func`4 verifySucceeded, CancellationToken cancellationToken)
   at Microsoft.EntityFrameworkCore.DbContext.SaveChangesAsync(Boolean acceptAllChangesOnSuccess, CancellationToken cancellationToken)
Microsoft.EntityFrameworkCore.DbUpdateException: An error occurred while saving the entity changes. See the inner exception for details.
 ---> Npgsql.PostgresException (0x80004005): 23505: la valeur d'une clé dupliquée rompt la contrainte unique « IX_Customers_Email »

DETAIL: Detail redacted as it may contain sensitive data. Specify 'Include Error Detail' in the connection string to include this information.
   at Npgsql.Internal.NpgsqlConnector.ReadMessageLong(Boolean async, DataRowLoadingMode dataRowLoadingMode, Boolean readingNotifications, Boolean isReadingPrependedMessage)
   at System.Runtime.CompilerServices.PoolingAsyncValueTaskMethodBuilder`1.StateMachineBox`1.System.Threading.Tasks.Sources.IValueTaskSource<TResult>.GetResult(Int16 token)
   at Npgsql.NpgsqlDataReader.NextResult(Boolean async, Boolean isConsuming, CancellationToken cancellationToken)
   at Npgsql.NpgsqlDataReader.NextResult(Boolean async, Boolean isConsuming, CancellationToken cancellationToken)
   at Npgsql.NpgsqlCommand.ExecuteReader(Boolean async, CommandBehavior behavior, CancellationToken cancellationToken)
   at Npgsql.NpgsqlCommand.ExecuteReader(Boolean async, CommandBehavior behavior, CancellationToken cancellationToken)
   at Npgsql.NpgsqlCommand.ExecuteDbDataReaderAsync(CommandBehavior behavior, CancellationToken cancellationToken)
   at Microsoft.EntityFrameworkCore.Storage.RelationalCommand.ExecuteReaderAsync(RelationalCommandParameterObject parameterObject, CancellationToken cancellationToken)
   at Microsoft.EntityFrameworkCore.Storage.RelationalCommand.ExecuteReaderAsync(RelationalCommandParameterObject parameterObject, CancellationToken cancellationToken)
   at Microsoft.EntityFrameworkCore.Update.ReaderModificationCommandBatch.ExecuteAsync(IRelationalConnection connection, CancellationToken cancellationToken)
  Exception data:
    Severity: ERREUR
    SqlState: 23505
    MessageText: la valeur d'une clé dupliquée rompt la contrainte unique « IX_Customers_Email »
    Detail: Detail redacted as it may contain sensitive data. Specify 'Include Error Detail' in the connection string to include this information.
    SchemaName: public
    TableName: Customers
    ConstraintName: IX_Customers_Email
    File: nbtinsert.c
    Line: 673
    Routine: _bt_check_unique
   --- End of inner exception stack trace ---
   at Microsoft.EntityFrameworkCore.Update.ReaderModificationCommandBatch.ExecuteAsync(IRelationalConnection connection, CancellationToken cancellationToken)
   at Microsoft.EntityFrameworkCore.Update.Internal.BatchExecutor.ExecuteAsync(IEnumerable`1 commandBatches, IRelationalConnection connection, CancellationToken cancellationToken)
   at Microsoft.EntityFrameworkCore.Update.Internal.BatchExecutor.ExecuteAsync(IEnumerable`1 commandBatches, IRelationalConnection connection, CancellationToken cancellationToken)
   at Microsoft.EntityFrameworkCore.Update.Internal.BatchExecutor.ExecuteAsync(IEnumerable`1 commandBatches, IRelationalConnection connection, CancellationToken cancellationToken)
   at Microsoft.EntityFrameworkCore.Storage.RelationalDatabase.SaveChangesAsync(IList`1 entries, CancellationToken cancellationToken)
   at Microsoft.EntityFrameworkCore.ChangeTracking.Internal.StateManager.SaveChangesAsync(IList`1 entriesToSave, CancellationToken cancellationToken)
   at Microsoft.EntityFrameworkCore.ChangeTracking.Internal.StateManager.SaveChangesAsync(StateManager stateManager, Boolean acceptAllChangesOnSuccess, CancellationToken cancellationToken)
   at Npgsql.EntityFrameworkCore.PostgreSQL.Storage.Internal.NpgsqlExecutionStrategy.ExecuteAsync[TState,TResult](TState state, Func`4 operation, Func`4 verifySucceeded, CancellationToken cancellationToken)
   at Microsoft.EntityFrameworkCore.DbContext.SaveChangesAsync(Boolean acceptAllChangesOnSuccess, CancellationToken cancellationToken)
2026-06-16 16:52:50.409 +00:00 [ERR] Unhandled exception: An error occurred while saving the entity changes. See the inner exception for details.
Microsoft.EntityFrameworkCore.DbUpdateException: An error occurred while saving the entity changes. See the inner exception for details.
 ---> Npgsql.PostgresException (0x80004005): 23505: la valeur d'une clé dupliquée rompt la contrainte unique « IX_Customers_Email »

DETAIL: Detail redacted as it may contain sensitive data. Specify 'Include Error Detail' in the connection string to include this information.
   at Npgsql.Internal.NpgsqlConnector.ReadMessageLong(Boolean async, DataRowLoadingMode dataRowLoadingMode, Boolean readingNotifications, Boolean isReadingPrependedMessage)
   at System.Runtime.CompilerServices.PoolingAsyncValueTaskMethodBuilder`1.StateMachineBox`1.System.Threading.Tasks.Sources.IValueTaskSource<TResult>.GetResult(Int16 token)
   at Npgsql.NpgsqlDataReader.NextResult(Boolean async, Boolean isConsuming, CancellationToken cancellationToken)
   at Npgsql.NpgsqlDataReader.NextResult(Boolean async, Boolean isConsuming, CancellationToken cancellationToken)
   at Npgsql.NpgsqlCommand.ExecuteReader(Boolean async, CommandBehavior behavior, CancellationToken cancellationToken)
   at Npgsql.NpgsqlCommand.ExecuteReader(Boolean async, CommandBehavior behavior, CancellationToken cancellationToken)
   at Npgsql.NpgsqlCommand.ExecuteDbDataReaderAsync(CommandBehavior behavior, CancellationToken cancellationToken)
   at Microsoft.EntityFrameworkCore.Storage.RelationalCommand.ExecuteReaderAsync(RelationalCommandParameterObject parameterObject, CancellationToken cancellationToken)
   at Microsoft.EntityFrameworkCore.Storage.RelationalCommand.ExecuteReaderAsync(RelationalCommandParameterObject parameterObject, CancellationToken cancellationToken)
   at Microsoft.EntityFrameworkCore.Update.ReaderModificationCommandBatch.ExecuteAsync(IRelationalConnection connection, CancellationToken cancellationToken)
  Exception data:
    Severity: ERREUR
    SqlState: 23505
    MessageText: la valeur d'une clé dupliquée rompt la contrainte unique « IX_Customers_Email »
    Detail: Detail redacted as it may contain sensitive data. Specify 'Include Error Detail' in the connection string to include this information.
    SchemaName: public
    TableName: Customers
    ConstraintName: IX_Customers_Email
    File: nbtinsert.c
    Line: 673
    Routine: _bt_check_unique
   --- End of inner exception stack trace ---
   at Microsoft.EntityFrameworkCore.Update.ReaderModificationCommandBatch.ExecuteAsync(IRelationalConnection connection, CancellationToken cancellationToken)
   at Microsoft.EntityFrameworkCore.Update.Internal.BatchExecutor.ExecuteAsync(IEnumerable`1 commandBatches, IRelationalConnection connection, CancellationToken cancellationToken)
   at Microsoft.EntityFrameworkCore.Update.Internal.BatchExecutor.ExecuteAsync(IEnumerable`1 commandBatches, IRelationalConnection connection, CancellationToken cancellationToken)
   at Microsoft.EntityFrameworkCore.Update.Internal.BatchExecutor.ExecuteAsync(IEnumerable`1 commandBatches, IRelationalConnection connection, CancellationToken cancellationToken)
   at Microsoft.EntityFrameworkCore.Storage.RelationalDatabase.SaveChangesAsync(IList`1 entries, CancellationToken cancellationToken)
   at Microsoft.EntityFrameworkCore.ChangeTracking.Internal.StateManager.SaveChangesAsync(IList`1 entriesToSave, CancellationToken cancellationToken)
   at Microsoft.EntityFrameworkCore.ChangeTracking.Internal.StateManager.SaveChangesAsync(StateManager stateManager, Boolean acceptAllChangesOnSuccess, CancellationToken cancellationToken)
   at Npgsql.EntityFrameworkCore.PostgreSQL.Storage.Internal.NpgsqlExecutionStrategy.ExecuteAsync[TState,TResult](TState state, Func`4 operation, Func`4 verifySucceeded, CancellationToken cancellationToken)
   at Microsoft.EntityFrameworkCore.DbContext.SaveChangesAsync(Boolean acceptAllChangesOnSuccess, CancellationToken cancellationToken)
   at Microsoft.EntityFrameworkCore.DbContext.SaveChangesAsync(Boolean acceptAllChangesOnSuccess, CancellationToken cancellationToken)
   at NunyFoodWebApi.Infrastructure.Persistence.NunyFoodDbContext.SaveChangesAsync(CancellationToken cancellationToken) in C:\Users\koudo\source\repos\NunyFoodWebApi\NunyFoodWebApi.Infrastructure\Persistence\NunyFoodDbContext.cs:line 47
   at NunyFoodWebApi.Application.Services.CustomerService.CreateAsync(CreateCustomerDto dto, CancellationToken ct) in C:\Users\koudo\source\repos\NunyFoodWebApi\NunyFoodWebApi.Application\Services\CustomerService.cs:line 36
   at NunyFoodWebApi.Controllers.CustomersController.Create(CreateCustomerDto dto, CancellationToken ct) in C:\Users\koudo\source\repos\NunyFoodWebApi\NunyFoodWebApi\Controllers\CustomersController.cs:line 40
   at Microsoft.AspNetCore.Mvc.Infrastructure.ActionMethodExecutor.TaskOfIActionResultExecutor.Execute(ActionContext actionContext, IActionResultTypeMapper mapper, ObjectMethodExecutor executor, Object controller, Object[] arguments)
   at Microsoft.AspNetCore.Mvc.Infrastructure.ControllerActionInvoker.<InvokeActionMethodAsync>g__Awaited|12_0(ControllerActionInvoker invoker, ValueTask`1 actionResultValueTask)
   at Microsoft.AspNetCore.Mvc.Infrastructure.ControllerActionInvoker.<InvokeNextActionFilterAsync>g__Awaited|10_0(ControllerActionInvoker invoker, Task lastTask, State next, Scope scope, Object state, Boolean isCompleted)
   at Microsoft.AspNetCore.Mvc.Infrastructure.ControllerActionInvoker.Rethrow(ActionExecutedContextSealed context)
   at Microsoft.AspNetCore.Mvc.Infrastructure.ControllerActionInvoker.Next(State& next, Scope& scope, Object& state, Boolean& isCompleted)
   at Microsoft.AspNetCore.Mvc.Infrastructure.ControllerActionInvoker.<InvokeInnerFilterAsync>g__Awaited|13_0(ControllerActionInvoker invoker, Task lastTask, State next, Scope scope, Object state, Boolean isCompleted)
   at Microsoft.AspNetCore.Mvc.Infrastructure.ResourceInvoker.<InvokeFilterPipelineAsync>g__Awaited|20_0(ResourceInvoker invoker, Task lastTask, State next, Scope scope, Object state, Boolean isCompleted)
   at Microsoft.AspNetCore.Mvc.Infrastructure.ResourceInvoker.<InvokeAsync>g__Awaited|17_0(ResourceInvoker invoker, Task task, IDisposable scope)
   at Microsoft.AspNetCore.Mvc.Infrastructure.ResourceInvoker.<InvokeAsync>g__Awaited|17_0(ResourceInvoker invoker, Task task, IDisposable scope)
   at Microsoft.AspNetCore.Authorization.AuthorizationMiddleware.Invoke(HttpContext context)
   at Microsoft.AspNetCore.Authentication.AuthenticationMiddleware.Invoke(HttpContext context)
   at Microsoft.AspNetCore.Diagnostics.ExceptionHandlerMiddlewareImpl.<Invoke>g__Awaited|10_0(ExceptionHandlerMiddlewareImpl middleware, HttpContext context, Task task)
2026-06-16 16:52:50.577 +00:00 [ERR] HTTP POST /api/customers responded 500 in 1006.6854 ms
2026-06-16 16:53:11.031 +00:00 [INF] HTTP OPTIONS /api/customers responded 204 in 0.0727 ms
2026-06-16 16:53:11.511 +00:00 [INF] HTTP POST /api/customers responded 201 in 449.1957 ms
2026-06-16 16:53:21.847 +00:00 [INF] HTTP OPTIONS /api/auth/agent/login responded 204 in 0.0599 ms
2026-06-16 16:53:22.109 +00:00 [INF] HTTP POST /api/auth/agent/login responded 401 in 250.4443 ms
2026-06-16 16:53:29.509 +00:00 [INF] HTTP OPTIONS /api/auth/agent/login responded 204 in 0.0854 ms
2026-06-16 16:53:29.526 +00:00 [INF] HTTP POST /api/auth/agent/login responded 401 in 5.7383 ms
2026-06-16 16:53:32.236 +00:00 [INF] HTTP OPTIONS /api/auth/customer/login responded 204 in 0.0673 ms
2026-06-16 16:53:32.489 +00:00 [INF] HTTP POST /api/auth/customer/login responded 200 in 244.3035 ms
2026-06-16 16:53:32.609 +00:00 [INF] HTTP OPTIONS /api/orders responded 204 in 0.0824 ms
2026-06-16 16:53:32.636 +00:00 [INF] HTTP GET /api/orders responded 200 in 11.2075 ms
2026-06-16 16:54:10.617 +00:00 [INF] HTTP OPTIONS /api/auth/agent/login responded 204 in 0.0703 ms
2026-06-16 16:54:10.653 +00:00 [INF] HTTP POST /api/auth/agent/login responded 401 in 20.3638 ms
2026-06-16 16:54:16.750 +00:00 [INF] HTTP OPTIONS /api/auth/agent/login responded 204 in 0.0649 ms
2026-06-16 16:54:16.844 +00:00 [INF] HTTP POST /api/auth/agent/login responded 401 in 4.9243 ms
2026-06-16 16:54:34.675 +00:00 [INF] HTTP OPTIONS /api/auth/agent/login responded 204 in 0.0724 ms
2026-06-16 16:54:34.742 +00:00 [INF] HTTP POST /api/auth/agent/login responded 401 in 56.3983 ms
2026-06-16 16:54:48.099 +00:00 [INF] HTTP OPTIONS /api/auth/admin/login responded 204 in 0.0806 ms
2026-06-16 16:54:48.385 +00:00 [INF] HTTP POST /api/auth/admin/login responded 200 in 261.9918 ms
2026-06-16 16:54:48.582 +00:00 [INF] HTTP OPTIONS /api/orders responded 204 in 0.0572 ms
2026-06-16 16:54:48.583 +00:00 [INF] HTTP OPTIONS /api/customers responded 204 in 0.0396 ms
2026-06-16 16:54:48.586 +00:00 [INF] HTTP OPTIONS /api/products responded 204 in 0.0899 ms
2026-06-16 16:54:48.652 +00:00 [INF] HTTP GET /api/customers responded 200 in 25.3971 ms
2026-06-16 16:54:48.709 +00:00 [INF] HTTP GET /api/orders responded 200 in 72.8452 ms
2026-06-16 16:54:48.930 +00:00 [INF] HTTP GET /api/products responded 200 in 293.5900 ms
2026-06-16 16:55:02.405 +00:00 [INF] HTTP OPTIONS /api/deliveryagents responded 204 in 0.0604 ms
2026-06-16 16:55:02.559 +00:00 [INF] HTTP GET /api/deliveryagents responded 200 in 140.3949 ms
2026-06-16 16:55:20.800 +00:00 [INF] HTTP OPTIONS /api/customers responded 204 in 0.0633 ms
2026-06-16 16:55:20.846 +00:00 [INF] HTTP GET /api/customers responded 200 in 31.5981 ms
2026-06-16 16:55:42.666 +00:00 [INF] HTTP OPTIONS /api/auth/agent/login responded 204 in 0.0536 ms
2026-06-16 16:55:42.709 +00:00 [INF] HTTP POST /api/auth/agent/login responded 401 in 17.1672 ms
2026-06-16 16:56:46.326 +00:00 [INF] HTTP POST /api/auth/agent/login responded 401 in 10.6243 ms
2026-06-16 16:56:46.937 +00:00 [INF] HTTP POST /api/auth/admin/login responded 200 in 264.7296 ms
2026-06-16 16:56:47.191 +00:00 [INF] HTTP GET /api/deliveryagents responded 200 in 5.4208 ms
2026-06-16 16:57:21.059 +00:00 [INF] HTTP POST /api/auth/admin/login responded 200 in 248.0211 ms
2026-06-16 16:57:21.699 +00:00 [INF] HTTP POST /api/deliveryagents responded 201 in 387.9683 ms
2026-06-16 16:57:22.134 +00:00 [INF] HTTP POST /api/auth/agent/login responded 200 in 230.0011 ms
2026-06-16 17:02:35.293 +00:00 [INF] HTTP OPTIONS /api/auth/agent/login responded 204 in 0.9405 ms
2026-06-16 17:02:35.531 +00:00 [INF] HTTP POST /api/auth/agent/login responded 401 in 220.8780 ms
2026-06-16 17:02:47.341 +00:00 [INF] HTTP OPTIONS /api/auth/agent/login responded 204 in 0.0722 ms
2026-06-16 17:02:47.381 +00:00 [INF] HTTP POST /api/auth/agent/login responded 401 in 28.7580 ms
2026-06-16 17:03:13.898 +00:00 [INF] HTTP OPTIONS /api/customers responded 204 in 0.0654 ms
2026-06-16 17:03:14.250 +00:00 [ERR] Failed executing DbCommand (40ms) [Parameters=[@p0='?' (DbType = Guid), @p1='?' (DbType = DateTime), @p2='?', @p3='?', @p4='?', @p5='?', @p6='?'], CommandType='"Text"', CommandTimeout='30']
INSERT INTO "Customers" ("Id", "CreatedAt", "Email", "FirstName", "LastName", "PasswordHash", "PhoneNumber")
VALUES (@p0, @p1, @p2, @p3, @p4, @p5, @p6);
2026-06-16 17:03:14.299 +00:00 [ERR] An exception occurred in the database while saving changes for context type 'NunyFoodWebApi.Infrastructure.Persistence.NunyFoodDbContext'.
Microsoft.EntityFrameworkCore.DbUpdateException: An error occurred while saving the entity changes. See the inner exception for details.
 ---> Npgsql.PostgresException (0x80004005): 23505: la valeur d'une clé dupliquée rompt la contrainte unique « IX_Customers_Email »

DETAIL: Detail redacted as it may contain sensitive data. Specify 'Include Error Detail' in the connection string to include this information.
   at Npgsql.Internal.NpgsqlConnector.ReadMessageLong(Boolean async, DataRowLoadingMode dataRowLoadingMode, Boolean readingNotifications, Boolean isReadingPrependedMessage)
   at System.Runtime.CompilerServices.PoolingAsyncValueTaskMethodBuilder`1.StateMachineBox`1.System.Threading.Tasks.Sources.IValueTaskSource<TResult>.GetResult(Int16 token)
   at Npgsql.NpgsqlDataReader.NextResult(Boolean async, Boolean isConsuming, CancellationToken cancellationToken)
   at Npgsql.NpgsqlDataReader.NextResult(Boolean async, Boolean isConsuming, CancellationToken cancellationToken)
   at Npgsql.NpgsqlCommand.ExecuteReader(Boolean async, CommandBehavior behavior, CancellationToken cancellationToken)
   at Npgsql.NpgsqlCommand.ExecuteReader(Boolean async, CommandBehavior behavior, CancellationToken cancellationToken)
   at Npgsql.NpgsqlCommand.ExecuteDbDataReaderAsync(CommandBehavior behavior, CancellationToken cancellationToken)
   at Microsoft.EntityFrameworkCore.Storage.RelationalCommand.ExecuteReaderAsync(RelationalCommandParameterObject parameterObject, CancellationToken cancellationToken)
   at Microsoft.EntityFrameworkCore.Storage.RelationalCommand.ExecuteReaderAsync(RelationalCommandParameterObject parameterObject, CancellationToken cancellationToken)
   at Microsoft.EntityFrameworkCore.Update.ReaderModificationCommandBatch.ExecuteAsync(IRelationalConnection connection, CancellationToken cancellationToken)
  Exception data:
    Severity: ERREUR
    SqlState: 23505
    MessageText: la valeur d'une clé dupliquée rompt la contrainte unique « IX_Customers_Email »
    Detail: Detail redacted as it may contain sensitive data. Specify 'Include Error Detail' in the connection string to include this information.
    SchemaName: public
    TableName: Customers
    ConstraintName: IX_Customers_Email
    File: nbtinsert.c
    Line: 673
    Routine: _bt_check_unique
   --- End of inner exception stack trace ---
   at Microsoft.EntityFrameworkCore.Update.ReaderModificationCommandBatch.ExecuteAsync(IRelationalConnection connection, CancellationToken cancellationToken)
   at Microsoft.EntityFrameworkCore.Update.Internal.BatchExecutor.ExecuteAsync(IEnumerable`1 commandBatches, IRelationalConnection connection, CancellationToken cancellationToken)
   at Microsoft.EntityFrameworkCore.Update.Internal.BatchExecutor.ExecuteAsync(IEnumerable`1 commandBatches, IRelationalConnection connection, CancellationToken cancellationToken)
   at Microsoft.EntityFrameworkCore.Update.Internal.BatchExecutor.ExecuteAsync(IEnumerable`1 commandBatches, IRelationalConnection connection, CancellationToken cancellationToken)
   at Microsoft.EntityFrameworkCore.Storage.RelationalDatabase.SaveChangesAsync(IList`1 entries, CancellationToken cancellationToken)
   at Microsoft.EntityFrameworkCore.ChangeTracking.Internal.StateManager.SaveChangesAsync(IList`1 entriesToSave, CancellationToken cancellationToken)
   at Microsoft.EntityFrameworkCore.ChangeTracking.Internal.StateManager.SaveChangesAsync(StateManager stateManager, Boolean acceptAllChangesOnSuccess, CancellationToken cancellationToken)
   at Npgsql.EntityFrameworkCore.PostgreSQL.Storage.Internal.NpgsqlExecutionStrategy.ExecuteAsync[TState,TResult](TState state, Func`4 operation, Func`4 verifySucceeded, CancellationToken cancellationToken)
   at Microsoft.EntityFrameworkCore.DbContext.SaveChangesAsync(Boolean acceptAllChangesOnSuccess, CancellationToken cancellationToken)
Microsoft.EntityFrameworkCore.DbUpdateException: An error occurred while saving the entity changes. See the inner exception for details.
 ---> Npgsql.PostgresException (0x80004005): 23505: la valeur d'une clé dupliquée rompt la contrainte unique « IX_Customers_Email »

DETAIL: Detail redacted as it may contain sensitive data. Specify 'Include Error Detail' in the connection string to include this information.
   at Npgsql.Internal.NpgsqlConnector.ReadMessageLong(Boolean async, DataRowLoadingMode dataRowLoadingMode, Boolean readingNotifications, Boolean isReadingPrependedMessage)
   at System.Runtime.CompilerServices.PoolingAsyncValueTaskMethodBuilder`1.StateMachineBox`1.System.Threading.Tasks.Sources.IValueTaskSource<TResult>.GetResult(Int16 token)
   at Npgsql.NpgsqlDataReader.NextResult(Boolean async, Boolean isConsuming, CancellationToken cancellationToken)
   at Npgsql.NpgsqlDataReader.NextResult(Boolean async, Boolean isConsuming, CancellationToken cancellationToken)
   at Npgsql.NpgsqlCommand.ExecuteReader(Boolean async, CommandBehavior behavior, CancellationToken cancellationToken)
   at Npgsql.NpgsqlCommand.ExecuteReader(Boolean async, CommandBehavior behavior, CancellationToken cancellationToken)
   at Npgsql.NpgsqlCommand.ExecuteDbDataReaderAsync(CommandBehavior behavior, CancellationToken cancellationToken)
   at Microsoft.EntityFrameworkCore.Storage.RelationalCommand.ExecuteReaderAsync(RelationalCommandParameterObject parameterObject, CancellationToken cancellationToken)
   at Microsoft.EntityFrameworkCore.Storage.RelationalCommand.ExecuteReaderAsync(RelationalCommandParameterObject parameterObject, CancellationToken cancellationToken)
   at Microsoft.EntityFrameworkCore.Update.ReaderModificationCommandBatch.ExecuteAsync(IRelationalConnection connection, CancellationToken cancellationToken)
  Exception data:
    Severity: ERREUR
    SqlState: 23505
    MessageText: la valeur d'une clé dupliquée rompt la contrainte unique « IX_Customers_Email »
    Detail: Detail redacted as it may contain sensitive data. Specify 'Include Error Detail' in the connection string to include this information.
    SchemaName: public
    TableName: Customers
    ConstraintName: IX_Customers_Email
    File: nbtinsert.c
    Line: 673
    Routine: _bt_check_unique
   --- End of inner exception stack trace ---
   at Microsoft.EntityFrameworkCore.Update.ReaderModificationCommandBatch.ExecuteAsync(IRelationalConnection connection, CancellationToken cancellationToken)
   at Microsoft.EntityFrameworkCore.Update.Internal.BatchExecutor.ExecuteAsync(IEnumerable`1 commandBatches, IRelationalConnection connection, CancellationToken cancellationToken)
   at Microsoft.EntityFrameworkCore.Update.Internal.BatchExecutor.ExecuteAsync(IEnumerable`1 commandBatches, IRelationalConnection connection, CancellationToken cancellationToken)
   at Microsoft.EntityFrameworkCore.Update.Internal.BatchExecutor.ExecuteAsync(IEnumerable`1 commandBatches, IRelationalConnection connection, CancellationToken cancellationToken)
   at Microsoft.EntityFrameworkCore.Storage.RelationalDatabase.SaveChangesAsync(IList`1 entries, CancellationToken cancellationToken)
   at Microsoft.EntityFrameworkCore.ChangeTracking.Internal.StateManager.SaveChangesAsync(IList`1 entriesToSave, CancellationToken cancellationToken)
   at Microsoft.EntityFrameworkCore.ChangeTracking.Internal.StateManager.SaveChangesAsync(StateManager stateManager, Boolean acceptAllChangesOnSuccess, CancellationToken cancellationToken)
   at Npgsql.EntityFrameworkCore.PostgreSQL.Storage.Internal.NpgsqlExecutionStrategy.ExecuteAsync[TState,TResult](TState state, Func`4 operation, Func`4 verifySucceeded, CancellationToken cancellationToken)
   at Microsoft.EntityFrameworkCore.DbContext.SaveChangesAsync(Boolean acceptAllChangesOnSuccess, CancellationToken cancellationToken)
2026-06-16 17:03:14.328 +00:00 [ERR] Unhandled exception: An error occurred while saving the entity changes. See the inner exception for details.
Microsoft.EntityFrameworkCore.DbUpdateException: An error occurred while saving the entity changes. See the inner exception for details.
 ---> Npgsql.PostgresException (0x80004005): 23505: la valeur d'une clé dupliquée rompt la contrainte unique « IX_Customers_Email »

DETAIL: Detail redacted as it may contain sensitive data. Specify 'Include Error Detail' in the connection string to include this information.
   at Npgsql.Internal.NpgsqlConnector.ReadMessageLong(Boolean async, DataRowLoadingMode dataRowLoadingMode, Boolean readingNotifications, Boolean isReadingPrependedMessage)
   at System.Runtime.CompilerServices.PoolingAsyncValueTaskMethodBuilder`1.StateMachineBox`1.System.Threading.Tasks.Sources.IValueTaskSource<TResult>.GetResult(Int16 token)
   at Npgsql.NpgsqlDataReader.NextResult(Boolean async, Boolean isConsuming, CancellationToken cancellationToken)
   at Npgsql.NpgsqlDataReader.NextResult(Boolean async, Boolean isConsuming, CancellationToken cancellationToken)
   at Npgsql.NpgsqlCommand.ExecuteReader(Boolean async, CommandBehavior behavior, CancellationToken cancellationToken)
   at Npgsql.NpgsqlCommand.ExecuteReader(Boolean async, CommandBehavior behavior, CancellationToken cancellationToken)
   at Npgsql.NpgsqlCommand.ExecuteDbDataReaderAsync(CommandBehavior behavior, CancellationToken cancellationToken)
   at Microsoft.EntityFrameworkCore.Storage.RelationalCommand.ExecuteReaderAsync(RelationalCommandParameterObject parameterObject, CancellationToken cancellationToken)
   at Microsoft.EntityFrameworkCore.Storage.RelationalCommand.ExecuteReaderAsync(RelationalCommandParameterObject parameterObject, CancellationToken cancellationToken)
   at Microsoft.EntityFrameworkCore.Update.ReaderModificationCommandBatch.ExecuteAsync(IRelationalConnection connection, CancellationToken cancellationToken)
  Exception data:
    Severity: ERREUR
    SqlState: 23505
    MessageText: la valeur d'une clé dupliquée rompt la contrainte unique « IX_Customers_Email »
    Detail: Detail redacted as it may contain sensitive data. Specify 'Include Error Detail' in the connection string to include this information.
    SchemaName: public
    TableName: Customers
    ConstraintName: IX_Customers_Email
    File: nbtinsert.c
    Line: 673
    Routine: _bt_check_unique
   --- End of inner exception stack trace ---
   at Microsoft.EntityFrameworkCore.Update.ReaderModificationCommandBatch.ExecuteAsync(IRelationalConnection connection, CancellationToken cancellationToken)
   at Microsoft.EntityFrameworkCore.Update.Internal.BatchExecutor.ExecuteAsync(IEnumerable`1 commandBatches, IRelationalConnection connection, CancellationToken cancellationToken)
   at Microsoft.EntityFrameworkCore.Update.Internal.BatchExecutor.ExecuteAsync(IEnumerable`1 commandBatches, IRelationalConnection connection, CancellationToken cancellationToken)
   at Microsoft.EntityFrameworkCore.Update.Internal.BatchExecutor.ExecuteAsync(IEnumerable`1 commandBatches, IRelationalConnection connection, CancellationToken cancellationToken)
   at Microsoft.EntityFrameworkCore.Storage.RelationalDatabase.SaveChangesAsync(IList`1 entries, CancellationToken cancellationToken)
   at Microsoft.EntityFrameworkCore.ChangeTracking.Internal.StateManager.SaveChangesAsync(IList`1 entriesToSave, CancellationToken cancellationToken)
   at Microsoft.EntityFrameworkCore.ChangeTracking.Internal.StateManager.SaveChangesAsync(StateManager stateManager, Boolean acceptAllChangesOnSuccess, CancellationToken cancellationToken)
   at Npgsql.EntityFrameworkCore.PostgreSQL.Storage.Internal.NpgsqlExecutionStrategy.ExecuteAsync[TState,TResult](TState state, Func`4 operation, Func`4 verifySucceeded, CancellationToken cancellationToken)
   at Microsoft.EntityFrameworkCore.DbContext.SaveChangesAsync(Boolean acceptAllChangesOnSuccess, CancellationToken cancellationToken)
   at Microsoft.EntityFrameworkCore.DbContext.SaveChangesAsync(Boolean acceptAllChangesOnSuccess, CancellationToken cancellationToken)
   at NunyFoodWebApi.Infrastructure.Persistence.NunyFoodDbContext.SaveChangesAsync(CancellationToken cancellationToken) in C:\Users\koudo\source\repos\NunyFoodWebApi\NunyFoodWebApi.Infrastructure\Persistence\NunyFoodDbContext.cs:line 47
   at NunyFoodWebApi.Application.Services.CustomerService.CreateAsync(CreateCustomerDto dto, CancellationToken ct) in C:\Users\koudo\source\repos\NunyFoodWebApi\NunyFoodWebApi.Application\Services\CustomerService.cs:line 36
   at NunyFoodWebApi.Controllers.CustomersController.Create(CreateCustomerDto dto, CancellationToken ct) in C:\Users\koudo\source\repos\NunyFoodWebApi\NunyFoodWebApi\Controllers\CustomersController.cs:line 40
   at Microsoft.AspNetCore.Mvc.Infrastructure.ActionMethodExecutor.TaskOfIActionResultExecutor.Execute(ActionContext actionContext, IActionResultTypeMapper mapper, ObjectMethodExecutor executor, Object controller, Object[] arguments)
   at Microsoft.AspNetCore.Mvc.Infrastructure.ControllerActionInvoker.<InvokeActionMethodAsync>g__Awaited|12_0(ControllerActionInvoker invoker, ValueTask`1 actionResultValueTask)
   at Microsoft.AspNetCore.Mvc.Infrastructure.ControllerActionInvoker.<InvokeNextActionFilterAsync>g__Awaited|10_0(ControllerActionInvoker invoker, Task lastTask, State next, Scope scope, Object state, Boolean isCompleted)
   at Microsoft.AspNetCore.Mvc.Infrastructure.ControllerActionInvoker.Rethrow(ActionExecutedContextSealed context)
   at Microsoft.AspNetCore.Mvc.Infrastructure.ControllerActionInvoker.Next(State& next, Scope& scope, Object& state, Boolean& isCompleted)
   at Microsoft.AspNetCore.Mvc.Infrastructure.ControllerActionInvoker.<InvokeInnerFilterAsync>g__Awaited|13_0(ControllerActionInvoker invoker, Task lastTask, State next, Scope scope, Object state, Boolean isCompleted)
   at Microsoft.AspNetCore.Mvc.Infrastructure.ResourceInvoker.<InvokeFilterPipelineAsync>g__Awaited|20_0(ResourceInvoker invoker, Task lastTask, State next, Scope scope, Object state, Boolean isCompleted)
   at Microsoft.AspNetCore.Mvc.Infrastructure.ResourceInvoker.<InvokeAsync>g__Awaited|17_0(ResourceInvoker invoker, Task task, IDisposable scope)
   at Microsoft.AspNetCore.Mvc.Infrastructure.ResourceInvoker.<InvokeAsync>g__Awaited|17_0(ResourceInvoker invoker, Task task, IDisposable scope)
   at Microsoft.AspNetCore.Authorization.AuthorizationMiddleware.Invoke(HttpContext context)
   at Microsoft.AspNetCore.Authentication.AuthenticationMiddleware.Invoke(HttpContext context)
   at Microsoft.AspNetCore.Diagnostics.ExceptionHandlerMiddlewareImpl.<Invoke>g__Awaited|10_0(ExceptionHandlerMiddlewareImpl middleware, HttpContext context, Task task)
2026-06-16 17:03:14.375 +00:00 [ERR] HTTP POST /api/customers responded 500 in 463.8400 ms
2026-06-16 17:03:31.992 +00:00 [INF] HTTP OPTIONS /api/customers responded 204 in 0.0604 ms
2026-06-16 17:03:32.314 +00:00 [INF] HTTP POST /api/customers responded 201 in 307.9112 ms
2026-06-16 17:03:39.198 +00:00 [INF] HTTP OPTIONS /api/auth/agent/login responded 204 in 0.0708 ms
2026-06-16 17:03:39.212 +00:00 [INF] HTTP POST /api/auth/agent/login responded 401 in 3.8140 ms
2026-06-16 17:03:42.306 +00:00 [INF] HTTP OPTIONS /api/auth/customer/login responded 204 in 0.2879 ms
2026-06-16 17:03:42.597 +00:00 [INF] HTTP POST /api/auth/customer/login responded 200 in 267.7794 ms
2026-06-16 17:03:42.725 +00:00 [INF] HTTP OPTIONS /api/orders responded 204 in 0.0795 ms
2026-06-16 17:03:42.776 +00:00 [INF] HTTP GET /api/orders responded 200 in 24.2163 ms
2026-06-16 17:03:49.025 +00:00 [INF] HTTP OPTIONS /api/packs responded 204 in 0.0679 ms
2026-06-16 17:03:49.025 +00:00 [INF] HTTP OPTIONS /api/beneficiaries responded 204 in 0.0306 ms
2026-06-16 17:03:49.076 +00:00 [INF] HTTP GET /api/beneficiaries responded 200 in 26.8613 ms
2026-06-16 17:03:49.238 +00:00 [INF] HTTP GET /api/packs responded 200 in 187.7691 ms
2026-06-16 17:04:08.224 +00:00 [INF] HTTP OPTIONS /api/auth/customer/login responded 204 in 0.1253 ms
2026-06-16 17:04:08.528 +00:00 [INF] HTTP POST /api/auth/customer/login responded 200 in 292.1343 ms
2026-06-16 17:04:41.118 +00:00 [INF] HTTP OPTIONS /api/orders responded 204 in 0.0665 ms
2026-06-16 17:04:41.164 +00:00 [INF] HTTP GET /api/orders responded 200 in 32.6281 ms
2026-06-16 17:06:12.899 +00:00 [INF] HTTP POST /api/auth/admin/login responded 200 in 285.2956 ms
2026-06-16 17:06:13.176 +00:00 [INF] HTTP GET /api/deliveryagents responded 200 in 6.9920 ms
2026-06-16 17:06:13.609 +00:00 [INF] HTTP POST /api/auth/agent/login responded 200 in 230.2208 ms
2026-06-16 17:10:00.635 +00:00 [INF] HTTP OPTIONS /api/auth/agent/login responded 204 in 2.5010 ms
2026-06-16 17:10:01.264 +00:00 [INF] HTTP POST /api/auth/agent/login responded 200 in 603.7888 ms
2026-06-16 17:10:01.591 +00:00 [INF] HTTP OPTIONS /api/deliveries responded 204 in 0.0615 ms
2026-06-16 17:10:02.098 +00:00 [INF] HTTP GET /api/deliveries responded 400 in 486.5777 ms
2026-06-16 17:10:03.126 +00:00 [INF] HTTP GET /api/deliveries responded 400 in 9.6888 ms
2026-06-16 17:10:19.151 +00:00 [INF] HTTP OPTIONS /api/deliveries responded 204 in 0.0863 ms
2026-06-16 17:10:19.263 +00:00 [INF] HTTP GET /api/deliveries responded 400 in 95.1155 ms
2026-06-16 17:10:20.293 +00:00 [INF] HTTP GET /api/deliveries responded 400 in 4.3520 ms
2026-06-16 17:10:31.788 +00:00 [INF] HTTP OPTIONS /api/deliveries responded 204 in 6.8576 ms
2026-06-16 17:10:31.843 +00:00 [INF] HTTP GET /api/deliveries responded 400 in 34.4755 ms
2026-06-16 17:10:32.878 +00:00 [INF] HTTP GET /api/deliveries responded 400 in 1.8839 ms
2026-06-16 17:10:42.175 +00:00 [INF] HTTP OPTIONS /api/deliveries responded 204 in 0.0788 ms
2026-06-16 17:10:42.219 +00:00 [INF] HTTP GET /api/deliveries responded 400 in 30.7972 ms
2026-06-16 17:10:43.239 +00:00 [INF] HTTP GET /api/deliveries responded 400 in 1.7982 ms
2026-06-16 17:11:02.180 +00:00 [INF] HTTP OPTIONS /api/auth/customer/login responded 204 in 1.6834 ms
2026-06-16 17:11:02.291 +00:00 [INF] HTTP POST /api/auth/customer/login responded 401 in 45.0912 ms
2026-06-16 17:11:08.445 +00:00 [INF] HTTP OPTIONS /api/auth/admin/login responded 204 in 0.0625 ms
2026-06-16 17:11:08.490 +00:00 [INF] HTTP POST /api/auth/admin/login responded 401 in 8.0058 ms
2026-06-16 17:11:19.567 +00:00 [INF] HTTP OPTIONS /api/auth/admin/login responded 204 in 0.0679 ms
2026-06-16 17:11:19.837 +00:00 [INF] HTTP POST /api/auth/admin/login responded 200 in 254.8915 ms
2026-06-16 17:11:19.989 +00:00 [INF] HTTP OPTIONS /api/orders responded 204 in 0.0574 ms
2026-06-16 17:11:19.995 +00:00 [INF] HTTP OPTIONS /api/products responded 204 in 0.0752 ms
2026-06-16 17:11:20.000 +00:00 [INF] HTTP OPTIONS /api/customers responded 204 in 0.1876 ms
2026-06-16 17:11:20.025 +00:00 [INF] HTTP GET /api/products responded 200 in 11.3974 ms
2026-06-16 17:11:20.173 +00:00 [INF] HTTP GET /api/orders responded 200 in 160.2370 ms
2026-06-16 17:11:20.185 +00:00 [INF] HTTP GET /api/customers responded 200 in 35.8875 ms
2026-06-16 17:11:51.932 +00:00 [INF] HTTP OPTIONS /api/packs responded 204 in 0.0646 ms
2026-06-16 17:11:51.969 +00:00 [INF] HTTP GET /api/packs responded 200 in 18.9023 ms
2026-06-16 20:31:22.938 +00:00 [WRN] As of ""2026-06-16T20:31:18.2599731+00:00"", the heartbeat has been running for ""00:00:02.0064381"" which is longer than ""00:00:01"". This could be caused by thread pool starvation.
